Component: Arm Compiler for Embedded 6.18 Tool: armlink [5e4cc100]

==============================================================================

Section Cross References

    startup_stm32l010x4.o(RESET) refers to startup_stm32l010x4.o(STACK) for __initial_sp
    startup_stm32l010x4.o(RESET) refers to startup_stm32l010x4.o(.text) for Reset_Handler
    startup_stm32l010x4.o(RESET) refers to lto-llvm-44cbb5.o(.text.NMI_Handler) for NMI_Handler
    startup_stm32l010x4.o(RESET) refers to lto-llvm-44cbb5.o(.text.HardFault_Handler) for HardFault_Handler
    startup_stm32l010x4.o(RESET) refers to lto-llvm-44cbb5.o(.text.SVC_Handler) for SVC_Handler
    startup_stm32l010x4.o(RESET) refers to lto-llvm-44cbb5.o(.text.PendSV_Handler) for PendSV_Handler
    startup_stm32l010x4.o(RESET) refers to lto-llvm-44cbb5.o(.text.SysTick_Handler) for SysTick_Handler
    startup_stm32l010x4.o(RESET) refers to lto-llvm-44cbb5.o(.text.RTC_IRQHandler) for RTC_IRQHandler
    startup_stm32l010x4.o(RESET) refers to lto-llvm-44cbb5.o(.text.TIM2_IRQHandler) for TIM2_IRQHandler
    startup_stm32l010x4.o(RESET) refers to lto-llvm-44cbb5.o(.text.USART2_IRQHandler) for USART2_IRQHandler
    startup_stm32l010x4.o(RESET) refers to lto-llvm-44cbb5.o(.text.LPUART1_IRQHandler) for LPUART1_IRQHandler
    startup_stm32l010x4.o(.text) refers to startup_stm32l010x4.o(STACK) for __initial_sp
    startup_stm32l010x4.o(.text) refers to lto-llvm-44cbb5.o(.text.SystemInit) for SystemInit
    startup_stm32l010x4.o(.text) refers to entry.o(.ARM.Collect$$$$00000000) for __main
    entry.o(.ARM.Collect$$$$00000000) refers (Special) to entry10a.o(.ARM.Collect$$$$0000000D) for __rt_final_cpp
    entry.o(.ARM.Collect$$$$00000000) refers (Special) to entry11a.o(.ARM.Collect$$$$0000000F) for __rt_final_exit
    entry.o(.ARM.Collect$$$$00000000) refers (Special) to entry7b.o(.ARM.Collect$$$$00000008) for _main_clock
    entry.o(.ARM.Collect$$$$00000000) refers (Special) to entry8b.o(.ARM.Collect$$$$0000000A) for _main_cpp_init
    entry.o(.ARM.Collect$$$$00000000) refers (Special) to entry9a.o(.ARM.Collect$$$$0000000B) for _main_init
    entry.o(.ARM.Collect$$$$00000000) refers (Special) to entry5.o(.ARM.Collect$$$$00000004) for _main_scatterload
    entry.o(.ARM.Collect$$$$00000000) refers (Special) to entry2.o(.ARM.Collect$$$$00000001) for _main_stk
    fputs.o(i.fputs) refers to lto-llvm-44cbb5.o(.text.fputc) for fputc
    puts.o(i.puts) refers to lto-llvm-44cbb5.o(.text.fputc) for fputc
    puts.o(i.puts) refers to stdout.o(.data) for __stdout
    fwrite.o(i.fwrite) refers to lto-llvm-44cbb5.o(.text.fputc) for fputc
    putchar.o(i.putchar) refers to lto-llvm-44cbb5.o(.text.fputc) for fputc
    putchar.o(i.putchar) refers to stdout.o(.data) for __stdout
    fputs_e.o(.text) refers to lto-llvm-44cbb5.o(.text.fputc) for fputc
    puts_e.o(.text) refers to lto-llvm-44cbb5.o(.text.fputc) for fputc
    puts_e.o(.text) refers to stdout.o(.data) for __stdout
    fwrite_e.o(.text) refers to lto-llvm-44cbb5.o(.text.fputc) for fputc
    printfb.o(i.__0fprintf$bare) refers to printfb.o(i._printf_core) for _printf_core
    printfb.o(i.__0fprintf$bare) refers to lto-llvm-44cbb5.o(.text.fputc) for fputc
    printfb.o(i.__0printf$bare) refers to printfb.o(i._printf_core) for _printf_core
    printfb.o(i.__0printf$bare) refers to lto-llvm-44cbb5.o(.text.fputc) for fputc
    printfb.o(i.__0printf$bare) refers to stdout.o(.data) for __stdout
    printfb.o(i.__0snprintf$bare) refers to printfb.o(i._printf_core) for _printf_core
    printfb.o(i.__0snprintf$bare) refers to printfb.o(i._snputc) for _snputc
    printfb.o(i.__0sprintf$bare) refers to printfb.o(i._printf_core) for _printf_core
    printfb.o(i.__0sprintf$bare) refers to printfb.o(i._sputc) for _sputc
    printfb.o(i.__0vfprintf$bare) refers to printfb.o(i._printf_core) for _printf_core
    printfb.o(i.__0vfprintf$bare) refers to lto-llvm-44cbb5.o(.text.fputc) for fputc
    printfb.o(i.__0vprintf$bare) refers to printfb.o(i._printf_core) for _printf_core
    printfb.o(i.__0vprintf$bare) refers to lto-llvm-44cbb5.o(.text.fputc) for fputc
    printfb.o(i.__0vprintf$bare) refers to stdout.o(.data) for __stdout
    printfb.o(i.__0vsnprintf$bare) refers to printfb.o(i._printf_core) for _printf_core
    printfb.o(i.__0vsnprintf$bare) refers to printfb.o(i._snputc) for _snputc
    printfb.o(i.__0vsprintf$bare) refers to printfb.o(i._printf_core) for _printf_core
    printfb.o(i.__0vsprintf$bare) refers to printfb.o(i._sputc) for _sputc
    printf0.o(i.__0fprintf$0) refers to printf0.o(i._printf_core) for _printf_core
    printf0.o(i.__0fprintf$0) refers to lto-llvm-44cbb5.o(.text.fputc) for fputc
    printf0.o(i.__0printf$0) refers to printf0.o(i._printf_core) for _printf_core
    printf0.o(i.__0printf$0) refers to lto-llvm-44cbb5.o(.text.fputc) for fputc
    printf0.o(i.__0printf$0) refers to stdout.o(.data) for __stdout
    printf0.o(i.__0snprintf$0) refers to printf0.o(i._printf_core) for _printf_core
    printf0.o(i.__0snprintf$0) refers to printf0.o(i._snputc) for _snputc
    printf0.o(i.__0sprintf$0) refers to printf0.o(i._printf_core) for _printf_core
    printf0.o(i.__0sprintf$0) refers to printf0.o(i._sputc) for _sputc
    printf0.o(i.__0vfprintf$0) refers to printf0.o(i._printf_core) for _printf_core
    printf0.o(i.__0vfprintf$0) refers to lto-llvm-44cbb5.o(.text.fputc) for fputc
    printf0.o(i.__0vprintf$0) refers to printf0.o(i._printf_core) for _printf_core
    printf0.o(i.__0vprintf$0) refers to lto-llvm-44cbb5.o(.text.fputc) for fputc
    printf0.o(i.__0vprintf$0) refers to stdout.o(.data) for __stdout
    printf0.o(i.__0vsnprintf$0) refers to printf0.o(i._printf_core) for _printf_core
    printf0.o(i.__0vsnprintf$0) refers to printf0.o(i._snputc) for _snputc
    printf0.o(i.__0vsprintf$0) refers to printf0.o(i._printf_core) for _printf_core
    printf0.o(i.__0vsprintf$0) refers to printf0.o(i._sputc) for _sputc
    printf1.o(i.__0fprintf$1) refers to printf1.o(i._printf_core) for _printf_core
    printf1.o(i.__0fprintf$1) refers to lto-llvm-44cbb5.o(.text.fputc) for fputc
    printf1.o(i.__0printf$1) refers to printf1.o(i._printf_core) for _printf_core
    printf1.o(i.__0printf$1) refers to lto-llvm-44cbb5.o(.text.fputc) for fputc
    printf1.o(i.__0printf$1) refers to stdout.o(.data) for __stdout
    printf1.o(i.__0snprintf$1) refers to printf1.o(i._printf_core) for _printf_core
    printf1.o(i.__0snprintf$1) refers to printf1.o(i._snputc) for _snputc
    printf1.o(i.__0sprintf$1) refers to printf1.o(i._printf_core) for _printf_core
    printf1.o(i.__0sprintf$1) refers to printf1.o(i._sputc) for _sputc
    printf1.o(i.__0vfprintf$1) refers to printf1.o(i._printf_core) for _printf_core
    printf1.o(i.__0vfprintf$1) refers to lto-llvm-44cbb5.o(.text.fputc) for fputc
    printf1.o(i.__0vprintf$1) refers to printf1.o(i._printf_core) for _printf_core
    printf1.o(i.__0vprintf$1) refers to lto-llvm-44cbb5.o(.text.fputc) for fputc
    printf1.o(i.__0vprintf$1) refers to stdout.o(.data) for __stdout
    printf1.o(i.__0vsnprintf$1) refers to printf1.o(i._printf_core) for _printf_core
    printf1.o(i.__0vsnprintf$1) refers to printf1.o(i._snputc) for _snputc
    printf1.o(i.__0vsprintf$1) refers to printf1.o(i._printf_core) for _printf_core
    printf1.o(i.__0vsprintf$1) refers to printf1.o(i._sputc) for _sputc
    printf1.o(i._printf_core) refers to uidiv_div0.o(.text) for __aeabi_uidivmod
    printf2.o(i.__0fprintf$2) refers to printf2.o(i._printf_core) for _printf_core
    printf2.o(i.__0fprintf$2) refers to lto-llvm-44cbb5.o(.text.fputc) for fputc
    printf2.o(i.__0printf$2) refers to printf2.o(i._printf_core) for _printf_core
    printf2.o(i.__0printf$2) refers to lto-llvm-44cbb5.o(.text.fputc) for fputc
    printf2.o(i.__0printf$2) refers to stdout.o(.data) for __stdout
    printf2.o(i.__0snprintf$2) refers to printf2.o(i._printf_core) for _printf_core
    printf2.o(i.__0snprintf$2) refers to printf2.o(i._snputc) for _snputc
    printf2.o(i.__0sprintf$2) refers to printf2.o(i._printf_core) for _printf_core
    printf2.o(i.__0sprintf$2) refers to printf2.o(i._sputc) for _sputc
    printf2.o(i.__0vfprintf$2) refers to printf2.o(i._printf_core) for _printf_core
    printf2.o(i.__0vfprintf$2) refers to lto-llvm-44cbb5.o(.text.fputc) for fputc
    printf2.o(i.__0vprintf$2) refers to printf2.o(i._printf_core) for _printf_core
    printf2.o(i.__0vprintf$2) refers to lto-llvm-44cbb5.o(.text.fputc) for fputc
    printf2.o(i.__0vprintf$2) refers to stdout.o(.data) for __stdout
    printf2.o(i.__0vsnprintf$2) refers to printf2.o(i._printf_core) for _printf_core
    printf2.o(i.__0vsnprintf$2) refers to printf2.o(i._snputc) for _snputc
    printf2.o(i.__0vsprintf$2) refers to printf2.o(i._printf_core) for _printf_core
    printf2.o(i.__0vsprintf$2) refers to printf2.o(i._sputc) for _sputc
    printf3.o(i.__0fprintf$3) refers to printf3.o(i._printf_core) for _printf_core
    printf3.o(i.__0fprintf$3) refers to lto-llvm-44cbb5.o(.text.fputc) for fputc
    printf3.o(i.__0printf$3) refers to printf3.o(i._printf_core) for _printf_core
    printf3.o(i.__0printf$3) refers to lto-llvm-44cbb5.o(.text.fputc) for fputc
    printf3.o(i.__0printf$3) refers to stdout.o(.data) for __stdout
    printf3.o(i.__0snprintf$3) refers to printf3.o(i._printf_core) for _printf_core
    printf3.o(i.__0snprintf$3) refers to printf3.o(i._snputc) for _snputc
    printf3.o(i.__0sprintf$3) refers to printf3.o(i._printf_core) for _printf_core
    printf3.o(i.__0sprintf$3) refers to printf3.o(i._sputc) for _sputc
    printf3.o(i.__0vfprintf$3) refers to printf3.o(i._printf_core) for _printf_core
    printf3.o(i.__0vfprintf$3) refers to lto-llvm-44cbb5.o(.text.fputc) for fputc
    printf3.o(i.__0vprintf$3) refers to printf3.o(i._printf_core) for _printf_core
    printf3.o(i.__0vprintf$3) refers to lto-llvm-44cbb5.o(.text.fputc) for fputc
    printf3.o(i.__0vprintf$3) refers to stdout.o(.data) for __stdout
    printf3.o(i.__0vsnprintf$3) refers to printf3.o(i._printf_core) for _printf_core
    printf3.o(i.__0vsnprintf$3) refers to printf3.o(i._snputc) for _snputc
    printf3.o(i.__0vsprintf$3) refers to printf3.o(i._printf_core) for _printf_core
    printf3.o(i.__0vsprintf$3) refers to printf3.o(i._sputc) for _sputc
    printf3.o(i._printf_core) refers to uidiv_div0.o(.text) for __aeabi_uidivmod
    printf4.o(i.__0fprintf$4) refers to printf4.o(i._printf_core) for _printf_core
    printf4.o(i.__0fprintf$4) refers to lto-llvm-44cbb5.o(.text.fputc) for fputc
    printf4.o(i.__0printf$4) refers to printf4.o(i._printf_core) for _printf_core
    printf4.o(i.__0printf$4) refers to lto-llvm-44cbb5.o(.text.fputc) for fputc
    printf4.o(i.__0printf$4) refers to stdout.o(.data) for __stdout
    printf4.o(i.__0snprintf$4) refers to printf4.o(i._printf_core) for _printf_core
    printf4.o(i.__0snprintf$4) refers to printf4.o(i._snputc) for _snputc
    printf4.o(i.__0sprintf$4) refers to printf4.o(i._printf_core) for _printf_core
    printf4.o(i.__0sprintf$4) refers to printf4.o(i._sputc) for _sputc
    printf4.o(i.__0vfprintf$4) refers to printf4.o(i._printf_core) for _printf_core
    printf4.o(i.__0vfprintf$4) refers to lto-llvm-44cbb5.o(.text.fputc) for fputc
    printf4.o(i.__0vprintf$4) refers to printf4.o(i._printf_core) for _printf_core
    printf4.o(i.__0vprintf$4) refers to lto-llvm-44cbb5.o(.text.fputc) for fputc
    printf4.o(i.__0vprintf$4) refers to stdout.o(.data) for __stdout
    printf4.o(i.__0vsnprintf$4) refers to printf4.o(i._printf_core) for _printf_core
    printf4.o(i.__0vsnprintf$4) refers to printf4.o(i._snputc) for _snputc
    printf4.o(i.__0vsprintf$4) refers to printf4.o(i._printf_core) for _printf_core
    printf4.o(i.__0vsprintf$4) refers to printf4.o(i._sputc) for _sputc
    printf4.o(i._printf_core) refers to uldiv.o(.text) for __aeabi_uldivmod
    printf5.o(i.__0fprintf$5) refers to printf5.o(i._printf_core) for _printf_core
    printf5.o(i.__0fprintf$5) refers to lto-llvm-44cbb5.o(.text.fputc) for fputc
    printf5.o(i.__0printf$5) refers to printf5.o(i._printf_core) for _printf_core
    printf5.o(i.__0printf$5) refers to lto-llvm-44cbb5.o(.text.fputc) for fputc
    printf5.o(i.__0printf$5) refers to stdout.o(.data) for __stdout
    printf5.o(i.__0snprintf$5) refers to printf5.o(i._printf_core) for _printf_core
    printf5.o(i.__0snprintf$5) refers to printf5.o(i._snputc) for _snputc
    printf5.o(i.__0sprintf$5) refers to printf5.o(i._printf_core) for _printf_core
    printf5.o(i.__0sprintf$5) refers to printf5.o(i._sputc) for _sputc
    printf5.o(i.__0vfprintf$5) refers to printf5.o(i._printf_core) for _printf_core
    printf5.o(i.__0vfprintf$5) refers to lto-llvm-44cbb5.o(.text.fputc) for fputc
    printf5.o(i.__0vprintf$5) refers to printf5.o(i._printf_core) for _printf_core
    printf5.o(i.__0vprintf$5) refers to lto-llvm-44cbb5.o(.text.fputc) for fputc
    printf5.o(i.__0vprintf$5) refers to stdout.o(.data) for __stdout
    printf5.o(i.__0vsnprintf$5) refers to printf5.o(i._printf_core) for _printf_core
    printf5.o(i.__0vsnprintf$5) refers to printf5.o(i._snputc) for _snputc
    printf5.o(i.__0vsprintf$5) refers to printf5.o(i._printf_core) for _printf_core
    printf5.o(i.__0vsprintf$5) refers to printf5.o(i._sputc) for _sputc
    printf5.o(i._printf_core) refers to uldiv.o(.text) for __aeabi_uldivmod
    printf6.o(i.__0fprintf$6) refers to printf6.o(i._printf_core) for _printf_core
    printf6.o(i.__0fprintf$6) refers to lto-llvm-44cbb5.o(.text.fputc) for fputc
    printf6.o(i.__0printf$6) refers to printf6.o(i._printf_core) for _printf_core
    printf6.o(i.__0printf$6) refers to lto-llvm-44cbb5.o(.text.fputc) for fputc
    printf6.o(i.__0printf$6) refers to stdout.o(.data) for __stdout
    printf6.o(i.__0snprintf$6) refers to printf6.o(i._printf_core) for _printf_core
    printf6.o(i.__0snprintf$6) refers to printf6.o(i._snputc) for _snputc
    printf6.o(i.__0sprintf$6) refers to printf6.o(i._printf_core) for _printf_core
    printf6.o(i.__0sprintf$6) refers to printf6.o(i._sputc) for _sputc
    printf6.o(i.__0vfprintf$6) refers to printf6.o(i._printf_core) for _printf_core
    printf6.o(i.__0vfprintf$6) refers to lto-llvm-44cbb5.o(.text.fputc) for fputc
    printf6.o(i.__0vprintf$6) refers to printf6.o(i._printf_core) for _printf_core
    printf6.o(i.__0vprintf$6) refers to lto-llvm-44cbb5.o(.text.fputc) for fputc
    printf6.o(i.__0vprintf$6) refers to stdout.o(.data) for __stdout
    printf6.o(i.__0vsnprintf$6) refers to printf6.o(i._printf_core) for _printf_core
    printf6.o(i.__0vsnprintf$6) refers to printf6.o(i._snputc) for _snputc
    printf6.o(i.__0vsprintf$6) refers to printf6.o(i._printf_core) for _printf_core
    printf6.o(i.__0vsprintf$6) refers to printf6.o(i._sputc) for _sputc
    printf6.o(i._printf_core) refers to printf6.o(i._printf_pre_padding) for _printf_pre_padding
    printf6.o(i._printf_core) refers to printf6.o(i._printf_post_padding) for _printf_post_padding
    printf6.o(i._printf_core) refers to uidiv_div0.o(.text) for __aeabi_uidivmod
    printf7.o(i.__0fprintf$7) refers to printf7.o(i._printf_core) for _printf_core
    printf7.o(i.__0fprintf$7) refers to lto-llvm-44cbb5.o(.text.fputc) for fputc
    printf7.o(i.__0printf$7) refers to printf7.o(i._printf_core) for _printf_core
    printf7.o(i.__0printf$7) refers to lto-llvm-44cbb5.o(.text.fputc) for fputc
    printf7.o(i.__0printf$7) refers to stdout.o(.data) for __stdout
    printf7.o(i.__0snprintf$7) refers to printf7.o(i._printf_core) for _printf_core
    printf7.o(i.__0snprintf$7) refers to printf7.o(i._snputc) for _snputc
    printf7.o(i.__0sprintf$7) refers to printf7.o(i._printf_core) for _printf_core
    printf7.o(i.__0sprintf$7) refers to printf7.o(i._sputc) for _sputc
    printf7.o(i.__0vfprintf$7) refers to printf7.o(i._printf_core) for _printf_core
    printf7.o(i.__0vfprintf$7) refers to lto-llvm-44cbb5.o(.text.fputc) for fputc
    printf7.o(i.__0vprintf$7) refers to printf7.o(i._printf_core) for _printf_core
    printf7.o(i.__0vprintf$7) refers to lto-llvm-44cbb5.o(.text.fputc) for fputc
    printf7.o(i.__0vprintf$7) refers to stdout.o(.data) for __stdout
    printf7.o(i.__0vsnprintf$7) refers to printf7.o(i._printf_core) for _printf_core
    printf7.o(i.__0vsnprintf$7) refers to printf7.o(i._snputc) for _snputc
    printf7.o(i.__0vsprintf$7) refers to printf7.o(i._printf_core) for _printf_core
    printf7.o(i.__0vsprintf$7) refers to printf7.o(i._sputc) for _sputc
    printf7.o(i._printf_core) refers to printf7.o(i._printf_pre_padding) for _printf_pre_padding
    printf7.o(i._printf_core) refers to printf7.o(i._printf_post_padding) for _printf_post_padding
    printf7.o(i._printf_core) refers to uldiv.o(.text) for __aeabi_uldivmod
    printf8.o(i.__0fprintf$8) refers to printf8.o(i._printf_core) for _printf_core
    printf8.o(i.__0fprintf$8) refers to lto-llvm-44cbb5.o(.text.fputc) for fputc
    printf8.o(i.__0printf$8) refers to printf8.o(i._printf_core) for _printf_core
    printf8.o(i.__0printf$8) refers to lto-llvm-44cbb5.o(.text.fputc) for fputc
    printf8.o(i.__0printf$8) refers to stdout.o(.data) for __stdout
    printf8.o(i.__0snprintf$8) refers to printf8.o(i._printf_core) for _printf_core
    printf8.o(i.__0snprintf$8) refers to printf8.o(i._snputc) for _snputc
    printf8.o(i.__0sprintf$8) refers to printf8.o(i._printf_core) for _printf_core
    printf8.o(i.__0sprintf$8) refers to printf8.o(i._sputc) for _sputc
    printf8.o(i.__0vfprintf$8) refers to printf8.o(i._printf_core) for _printf_core
    printf8.o(i.__0vfprintf$8) refers to lto-llvm-44cbb5.o(.text.fputc) for fputc
    printf8.o(i.__0vprintf$8) refers to printf8.o(i._printf_core) for _printf_core
    printf8.o(i.__0vprintf$8) refers to lto-llvm-44cbb5.o(.text.fputc) for fputc
    printf8.o(i.__0vprintf$8) refers to stdout.o(.data) for __stdout
    printf8.o(i.__0vsnprintf$8) refers to printf8.o(i._printf_core) for _printf_core
    printf8.o(i.__0vsnprintf$8) refers to printf8.o(i._snputc) for _snputc
    printf8.o(i.__0vsprintf$8) refers to printf8.o(i._printf_core) for _printf_core
    printf8.o(i.__0vsprintf$8) refers to printf8.o(i._sputc) for _sputc
    printf8.o(i._printf_core) refers to printf8.o(i._printf_pre_padding) for _printf_pre_padding
    printf8.o(i._printf_core) refers to printf8.o(i._printf_post_padding) for _printf_post_padding
    printf8.o(i._printf_core) refers to uldiv.o(.text) for __aeabi_uldivmod
    printfa.o(i.__0fprintf) refers (Special) to iusefp.o(.text) for __I$use$fp
    printfa.o(i.__0fprintf) refers to printfa.o(i._printf_core) for _printf_core
    printfa.o(i.__0fprintf) refers to lto-llvm-44cbb5.o(.text.fputc) for fputc
    printfa.o(i.__0printf) refers (Special) to iusefp.o(.text) for __I$use$fp
    printfa.o(i.__0printf) refers to printfa.o(i._printf_core) for _printf_core
    printfa.o(i.__0printf) refers to lto-llvm-44cbb5.o(.text.fputc) for fputc
    printfa.o(i.__0printf) refers to stdout.o(.data) for __stdout
    printfa.o(i.__0snprintf) refers (Special) to iusefp.o(.text) for __I$use$fp
    printfa.o(i.__0snprintf) refers to printfa.o(i._printf_core) for _printf_core
    printfa.o(i.__0snprintf) refers to printfa.o(i._snputc) for _snputc
    printfa.o(i.__0sprintf) refers (Special) to iusefp.o(.text) for __I$use$fp
    printfa.o(i.__0sprintf) refers to printfa.o(i._printf_core) for _printf_core
    printfa.o(i.__0sprintf) refers to printfa.o(i._sputc) for _sputc
    printfa.o(i.__0vfprintf) refers (Special) to iusefp.o(.text) for __I$use$fp
    printfa.o(i.__0vfprintf) refers to printfa.o(i._printf_core) for _printf_core
    printfa.o(i.__0vfprintf) refers to lto-llvm-44cbb5.o(.text.fputc) for fputc
    printfa.o(i.__0vprintf) refers (Special) to iusefp.o(.text) for __I$use$fp
    printfa.o(i.__0vprintf) refers to printfa.o(i._printf_core) for _printf_core
    printfa.o(i.__0vprintf) refers to lto-llvm-44cbb5.o(.text.fputc) for fputc
    printfa.o(i.__0vprintf) refers to stdout.o(.data) for __stdout
    printfa.o(i.__0vsnprintf) refers (Special) to iusefp.o(.text) for __I$use$fp
    printfa.o(i.__0vsnprintf) refers to printfa.o(i._printf_core) for _printf_core
    printfa.o(i.__0vsnprintf) refers to printfa.o(i._snputc) for _snputc
    printfa.o(i.__0vsprintf) refers (Special) to iusefp.o(.text) for __I$use$fp
    printfa.o(i.__0vsprintf) refers to printfa.o(i._printf_core) for _printf_core
    printfa.o(i.__0vsprintf) refers to printfa.o(i._sputc) for _sputc
    printfa.o(i._fp_digits) refers (Special) to iusefp.o(.text) for __I$use$fp
    printfa.o(i._fp_digits) refers to dmul.o(.text) for __aeabi_dmul
    printfa.o(i._fp_digits) refers to ddiv.o(.text) for __aeabi_ddiv
    printfa.o(i._fp_digits) refers to cdrcmple.o(.text) for __aeabi_cdrcmple
    printfa.o(i._fp_digits) refers to dadd.o(.text) for __aeabi_dadd
    printfa.o(i._fp_digits) refers to dfixul.o(.text) for __aeabi_d2ulz
    printfa.o(i._fp_digits) refers to uldiv.o(.text) for __aeabi_uldivmod
    printfa.o(i._printf_core) refers (Special) to iusefp.o(.text) for __I$use$fp
    printfa.o(i._printf_core) refers to printfa.o(i._printf_pre_padding) for _printf_pre_padding
    printfa.o(i._printf_core) refers to uldiv.o(.text) for __aeabi_uldivmod
    printfa.o(i._printf_core) refers to printfa.o(i._printf_post_padding) for _printf_post_padding
    printfa.o(i._printf_core) refers to printfa.o(i._fp_digits) for _fp_digits
    printfa.o(i._printf_core) refers to uidiv_div0.o(.text) for __aeabi_uidivmod
    printfa.o(i._printf_post_padding) refers (Special) to iusefp.o(.text) for __I$use$fp
    printfa.o(i._printf_pre_padding) refers (Special) to iusefp.o(.text) for __I$use$fp
    printfa.o(i._snputc) refers (Special) to iusefp.o(.text) for __I$use$fp
    printfa.o(i._sputc) refers (Special) to iusefp.o(.text) for __I$use$fp
    entry2.o(.ARM.Collect$$$$00000001) refers to entry2.o(.ARM.Collect$$$$00002712) for __lit__00000000
    entry2.o(.ARM.Collect$$$$00002712) refers to startup_stm32l010x4.o(STACK) for __initial_sp
    entry2.o(__vectab_stack_and_reset_area) refers to startup_stm32l010x4.o(STACK) for __initial_sp
    entry2.o(__vectab_stack_and_reset_area) refers to entry.o(.ARM.Collect$$$$00000000) for __main
    entry5.o(.ARM.Collect$$$$00000004) refers to init.o(.text) for __scatterload
    entry9a.o(.ARM.Collect$$$$0000000B) refers to lto-llvm-44cbb5.o(.text.main) for main
    entry9b.o(.ARM.Collect$$$$0000000C) refers to lto-llvm-44cbb5.o(.text.main) for main
    uldiv.o(.text) refers to llushr.o(.text) for __aeabi_llsr
    uldiv.o(.text) refers to llshl.o(.text) for __aeabi_llsl
    dadd.o(.text) refers (Special) to iusefp.o(.text) for __I$use$fp
    dadd.o(.text) refers to llshl.o(.text) for __aeabi_llsl
    dadd.o(.text) refers to llsshr.o(.text) for __aeabi_lasr
    dadd.o(.text) refers to depilogue.o(.text) for _double_epilogue
    dmul.o(.text) refers (Special) to iusefp.o(.text) for __I$use$fp
    dmul.o(.text) refers to depilogue.o(.text) for _double_epilogue
    ddiv.o(.text) refers (Special) to iusefp.o(.text) for __I$use$fp
    ddiv.o(.text) refers to depilogue.o(.text) for _double_round
    dfixul.o(.text) refers (Special) to iusefp.o(.text) for __I$use$fp
    dfixul.o(.text) refers to llushr.o(.text) for __aeabi_llsr
    dfixul.o(.text) refers to llshl.o(.text) for __aeabi_llsl
    cdrcmple.o(.text) refers (Special) to iusefp.o(.text) for __I$use$fp
    init.o(.text) refers to entry5.o(.ARM.Collect$$$$00000004) for __main_after_scatterload
    idiv_div0.o(.text) refers to uidiv_div0.o(.text) for __aeabi_uidivmod
    depilogue.o(.text) refers (Special) to iusefp.o(.text) for __I$use$fp
    depilogue.o(.text) refers to depilogue.o(i.__ARM_clz) for __ARM_clz
    depilogue.o(.text) refers to llshl.o(.text) for __aeabi_llsl
    depilogue.o(.text) refers to llushr.o(.text) for __aeabi_llsr
    lto-llvm-44cbb5.o(.ARM.exidx.text.StorageWrite) refers to lto-llvm-44cbb5.o(.text.StorageWrite) for [Anonymous Symbol]
    lto-llvm-44cbb5.o(.ARM.exidx.text.StorageRead) refers to lto-llvm-44cbb5.o(.text.StorageRead) for [Anonymous Symbol]
    lto-llvm-44cbb5.o(.text.main) refers to uidiv_div0.o(.text) for __aeabi_uidiv
    lto-llvm-44cbb5.o(.text.main) refers to lto-llvm-44cbb5.o(.data) for [Anonymous Symbol]
    lto-llvm-44cbb5.o(.text.main) refers to lto-llvm-44cbb5.o(.bss) for [Anonymous Symbol]
    lto-llvm-44cbb5.o(.text.main) refers to lto-llvm-44cbb5.o(.rodata) for [Anonymous Symbol]
    lto-llvm-44cbb5.o(.text.main) refers to lto-llvm-44cbb5.o(.rodata.cst16) for [Anonymous Symbol]
    lto-llvm-44cbb5.o(.text.main) refers to lto-llvm-44cbb5.o(.text.HAL_GPIO_Init) for HAL_GPIO_Init
    lto-llvm-44cbb5.o(.text.main) refers to lto-llvm-44cbb5.o(.text.HAL_UART_Init) for HAL_UART_Init
    lto-llvm-44cbb5.o(.text.main) refers to lto-llvm-44cbb5.o(.text.StorageRead) for StorageRead
    lto-llvm-44cbb5.o(.text.main) refers to lto-llvm-44cbb5.o(.text.StorageWrite) for StorageWrite
    lto-llvm-44cbb5.o(.text.main) refers to printfa.o(i.__0printf) for __2printf
    lto-llvm-44cbb5.o(.text.main) refers to putchar.o(i.putchar) for putchar
    lto-llvm-44cbb5.o(.text.main) refers to puts.o(i.puts) for puts
    lto-llvm-44cbb5.o(.text.main) refers to lto-llvm-44cbb5.o(.rodata.str1.1) for [Anonymous Symbol]
    lto-llvm-44cbb5.o(.ARM.exidx.text.main) refers to lto-llvm-44cbb5.o(.text.main) for [Anonymous Symbol]
    lto-llvm-44cbb5.o(.ARM.exidx.text.NMI_Handler) refers to lto-llvm-44cbb5.o(.text.NMI_Handler) for [Anonymous Symbol]
    lto-llvm-44cbb5.o(.ARM.exidx.text.HardFault_Handler) refers to lto-llvm-44cbb5.o(.text.HardFault_Handler) for [Anonymous Symbol]
    lto-llvm-44cbb5.o(.ARM.exidx.text.SVC_Handler) refers to lto-llvm-44cbb5.o(.text.SVC_Handler) for [Anonymous Symbol]
    lto-llvm-44cbb5.o(.ARM.exidx.text.PendSV_Handler) refers to lto-llvm-44cbb5.o(.text.PendSV_Handler) for [Anonymous Symbol]
    lto-llvm-44cbb5.o(.text.SysTick_Handler) refers to lto-llvm-44cbb5.o(.bss) for [Anonymous Symbol]
    lto-llvm-44cbb5.o(.ARM.exidx.text.SysTick_Handler) refers to lto-llvm-44cbb5.o(.text.SysTick_Handler) for [Anonymous Symbol]
    lto-llvm-44cbb5.o(.text.RTC_IRQHandler) refers to lto-llvm-44cbb5.o(.bss) for [Anonymous Symbol]
    lto-llvm-44cbb5.o(.ARM.exidx.text.RTC_IRQHandler) refers to lto-llvm-44cbb5.o(.text.RTC_IRQHandler) for [Anonymous Symbol]
    lto-llvm-44cbb5.o(.text.TIM2_IRQHandler) refers to lto-llvm-44cbb5.o(.bss) for [Anonymous Symbol]
    lto-llvm-44cbb5.o(.ARM.exidx.text.TIM2_IRQHandler) refers to lto-llvm-44cbb5.o(.text.TIM2_IRQHandler) for [Anonymous Symbol]
    lto-llvm-44cbb5.o(.text.USART2_IRQHandler) refers to lto-llvm-44cbb5.o(.text.HAL_UART_IRQHandler) for HAL_UART_IRQHandler
    lto-llvm-44cbb5.o(.text.USART2_IRQHandler) refers to lto-llvm-44cbb5.o(.bss) for [Anonymous Symbol]
    lto-llvm-44cbb5.o(.ARM.exidx.text.USART2_IRQHandler) refers to lto-llvm-44cbb5.o(.text.USART2_IRQHandler) for [Anonymous Symbol]
    lto-llvm-44cbb5.o(.text.LPUART1_IRQHandler) refers to lto-llvm-44cbb5.o(.text.HAL_UART_IRQHandler) for HAL_UART_IRQHandler
    lto-llvm-44cbb5.o(.text.LPUART1_IRQHandler) refers to lto-llvm-44cbb5.o(.bss) for [Anonymous Symbol]
    lto-llvm-44cbb5.o(.ARM.exidx.text.LPUART1_IRQHandler) refers to lto-llvm-44cbb5.o(.text.LPUART1_IRQHandler) for [Anonymous Symbol]
    lto-llvm-44cbb5.o(.ARM.exidx.text.SystemInit) refers to lto-llvm-44cbb5.o(.text.SystemInit) for [Anonymous Symbol]
    lto-llvm-44cbb5.o(.text.HAL_UART_Init) refers to lto-llvm-44cbb5.o(.text.HAL_GPIO_Init) for HAL_GPIO_Init
    lto-llvm-44cbb5.o(.text.HAL_UART_Init) refers to lto-llvm-44cbb5.o(.data) for [Anonymous Symbol]
    lto-llvm-44cbb5.o(.text.HAL_UART_Init) refers to lto-llvm-44cbb5.o(.rodata.cst8) for [Anonymous Symbol]
    lto-llvm-44cbb5.o(.text.HAL_UART_Init) refers to uldiv.o(.text) for __aeabi_uldivmod
    lto-llvm-44cbb5.o(.text.HAL_UART_Init) refers to uidiv_div0.o(.text) for __aeabi_uidiv
    lto-llvm-44cbb5.o(.text.HAL_UART_Init) refers to lto-llvm-44cbb5.o(.text.UART_WaitOnFlagUntilTimeout) for UART_WaitOnFlagUntilTimeout
    lto-llvm-44cbb5.o(.text.HAL_UART_Init) refers to lto-llvm-44cbb5.o(.rodata) for [Anonymous Symbol]
    lto-llvm-44cbb5.o(.text.HAL_UART_Init) refers to lto-llvm-44cbb5.o(.bss) for [Anonymous Symbol]
    lto-llvm-44cbb5.o(.ARM.exidx.text.HAL_UART_Init) refers to lto-llvm-44cbb5.o(.text.HAL_UART_Init) for [Anonymous Symbol]
    lto-llvm-44cbb5.o(.text.UART_WaitOnFlagUntilTimeout) refers to lto-llvm-44cbb5.o(.bss) for [Anonymous Symbol]
    lto-llvm-44cbb5.o(.ARM.exidx.text.UART_WaitOnFlagUntilTimeout) refers to lto-llvm-44cbb5.o(.text.UART_WaitOnFlagUntilTimeout) for [Anonymous Symbol]
    lto-llvm-44cbb5.o(.text.HAL_UART_IRQHandler) refers to lto-llvm-44cbb5.o(.text.HAL_DMA_Abort) for HAL_DMA_Abort
    lto-llvm-44cbb5.o(.text.HAL_UART_IRQHandler) refers to lto-llvm-44cbb5.o(.text.HAL_DMA_Abort_IT) for HAL_DMA_Abort_IT
    lto-llvm-44cbb5.o(.text.HAL_UART_IRQHandler) refers to lto-llvm-44cbb5.o(.text.UART_DMAAbortOnError) for UART_DMAAbortOnError
    lto-llvm-44cbb5.o(.ARM.exidx.text.HAL_UART_IRQHandler) refers to lto-llvm-44cbb5.o(.text.HAL_UART_IRQHandler) for [Anonymous Symbol]
    lto-llvm-44cbb5.o(.ARM.exidx.text.UART_DMAAbortOnError) refers to lto-llvm-44cbb5.o(.text.UART_DMAAbortOnError) for [Anonymous Symbol]
    lto-llvm-44cbb5.o(.ARM.exidx.text.HAL_GPIO_Init) refers to lto-llvm-44cbb5.o(.text.HAL_GPIO_Init) for [Anonymous Symbol]
    lto-llvm-44cbb5.o(.ARM.exidx.text.HAL_DMA_Abort) refers to lto-llvm-44cbb5.o(.text.HAL_DMA_Abort) for [Anonymous Symbol]
    lto-llvm-44cbb5.o(.ARM.exidx.text.HAL_DMA_Abort_IT) refers to lto-llvm-44cbb5.o(.text.HAL_DMA_Abort_IT) for [Anonymous Symbol]
    lto-llvm-44cbb5.o(.text.gstorage_Clock) refers to printfa.o(i.__0printf) for __2printf
    lto-llvm-44cbb5.o(.text.gstorage_Clock) refers to lto-llvm-44cbb5.o(.rodata.str1.1) for [Anonymous Symbol]
    lto-llvm-44cbb5.o(.ARM.exidx.text.gstorage_Clock) refers to lto-llvm-44cbb5.o(.text.gstorage_Clock) for [Anonymous Symbol]
    lto-llvm-44cbb5.o(.text.gstorage_Run) refers to printfa.o(i.__0printf) for __2printf
    lto-llvm-44cbb5.o(.text.gstorage_Run) refers to lto-llvm-44cbb5.o(.rodata.str1.1) for [Anonymous Symbol]
    lto-llvm-44cbb5.o(.ARM.exidx.text.gstorage_Run) refers to lto-llvm-44cbb5.o(.text.gstorage_Run) for [Anonymous Symbol]
    lto-llvm-44cbb5.o(.text.fputc) refers to memcpya.o(.text) for __aeabi_memcpy4
    lto-llvm-44cbb5.o(.text.fputc) refers to stdout.o(.data) for __stdout
    lto-llvm-44cbb5.o(.text.fputc) refers to lto-llvm-44cbb5.o(.bss) for [Anonymous Symbol]
    lto-llvm-44cbb5.o(.text.fputc) refers to lto-llvm-44cbb5.o(.bss.noinit) for [Anonymous Symbol]
    lto-llvm-44cbb5.o(.ARM.exidx.text.fputc) refers to lto-llvm-44cbb5.o(.text.fputc) for [Anonymous Symbol]
    lto-llvm-44cbb5.o(.ARM.exidx.text.fgetc) refers to lto-llvm-44cbb5.o(.text.fgetc) for [Anonymous Symbol]
    lto-llvm-44cbb5.o(.data) refers to lto-llvm-44cbb5.o(.text.gstorage_Clock) for gstorage_Clock
    lto-llvm-44cbb5.o(.data) refers to lto-llvm-44cbb5.o(.text.gstorage_Run) for gstorage_Run
    lto-llvm-44cbb5.o(.rodata.EventRecorderInfo) refers to lto-llvm-44cbb5.o(.bss.noinit) for [Anonymous Symbol]
    depilogue.o(i.__ARM_clz) refers (Special) to iusefp.o(.text) for __I$use$fp


==============================================================================

Removing Unused input sections from the image.

    Removing startup_stm32l010x4.o(HEAP), (80 bytes).
    Removing lto-llvm-44cbb5.o(.text), (0 bytes).
    Removing lto-llvm-44cbb5.o(.ARM.exidx.text.StorageWrite), (8 bytes).
    Removing lto-llvm-44cbb5.o(.ARM.exidx.text.StorageRead), (8 bytes).
    Removing lto-llvm-44cbb5.o(.ARM.exidx.text.main), (8 bytes).
    Removing lto-llvm-44cbb5.o(.ARM.exidx.text.NMI_Handler), (8 bytes).
    Removing lto-llvm-44cbb5.o(.ARM.exidx.text.HardFault_Handler), (8 bytes).
    Removing lto-llvm-44cbb5.o(.ARM.exidx.text.SVC_Handler), (8 bytes).
    Removing lto-llvm-44cbb5.o(.ARM.exidx.text.PendSV_Handler), (8 bytes).
    Removing lto-llvm-44cbb5.o(.ARM.exidx.text.SysTick_Handler), (8 bytes).
    Removing lto-llvm-44cbb5.o(.ARM.exidx.text.RTC_IRQHandler), (8 bytes).
    Removing lto-llvm-44cbb5.o(.ARM.exidx.text.TIM2_IRQHandler), (8 bytes).
    Removing lto-llvm-44cbb5.o(.ARM.exidx.text.USART2_IRQHandler), (8 bytes).
    Removing lto-llvm-44cbb5.o(.ARM.exidx.text.LPUART1_IRQHandler), (8 bytes).
    Removing lto-llvm-44cbb5.o(.ARM.exidx.text.SystemInit), (8 bytes).
    Removing lto-llvm-44cbb5.o(.ARM.exidx.text.HAL_UART_Init), (8 bytes).
    Removing lto-llvm-44cbb5.o(.ARM.exidx.text.UART_WaitOnFlagUntilTimeout), (8 bytes).
    Removing lto-llvm-44cbb5.o(.ARM.exidx.text.HAL_UART_IRQHandler), (8 bytes).
    Removing lto-llvm-44cbb5.o(.ARM.exidx.text.UART_DMAAbortOnError), (8 bytes).
    Removing lto-llvm-44cbb5.o(.ARM.exidx.text.HAL_GPIO_Init), (8 bytes).
    Removing lto-llvm-44cbb5.o(.ARM.exidx.text.HAL_DMA_Abort), (8 bytes).
    Removing lto-llvm-44cbb5.o(.ARM.exidx.text.HAL_DMA_Abort_IT), (8 bytes).
    Removing lto-llvm-44cbb5.o(.ARM.exidx.text.gstorage_Clock), (8 bytes).
    Removing lto-llvm-44cbb5.o(.ARM.exidx.text.gstorage_Run), (8 bytes).
    Removing lto-llvm-44cbb5.o(.ARM.exidx.text.fputc), (8 bytes).
    Removing lto-llvm-44cbb5.o(.text.fgetc), (6 bytes).
    Removing lto-llvm-44cbb5.o(.ARM.exidx.text.fgetc), (8 bytes).
    Removing lto-llvm-44cbb5.o(.ARM.use_no_argv), (4 bytes).

28 unused section(s) (total 282 bytes) removed from the image.

==============================================================================

Image Symbol Table

    Local Symbols

    Symbol Name                              Value     Ov Type        Size  Object(Section)

    ../clib/division.s                       0x00000000   Number         0  aeabi_sdiv.o ABSOLUTE
    ../clib/division.s                       0x00000000   Number         0  aeabi_sdiv_div0.o ABSOLUTE
    ../clib/microlib/division.c              0x00000000   Number         0  uidiv.o ABSOLUTE
    ../clib/microlib/division.c              0x00000000   Number         0  uldiv.o ABSOLUTE
    ../clib/microlib/division.c              0x00000000   Number         0  uidiv_div0.o ABSOLUTE
    ../clib/microlib/division.c              0x00000000   Number         0  idiv_div0.o ABSOLUTE
    ../clib/microlib/division.c              0x00000000   Number         0  idiv0.o ABSOLUTE
    ../clib/microlib/init/entry.s            0x00000000   Number         0  entry.o ABSOLUTE
    ../clib/microlib/init/entry.s            0x00000000   Number         0  entry2.o ABSOLUTE
    ../clib/microlib/init/entry.s            0x00000000   Number         0  entry5.o ABSOLUTE
    ../clib/microlib/init/entry.s            0x00000000   Number         0  entry7a.o ABSOLUTE
    ../clib/microlib/init/entry.s            0x00000000   Number         0  entry7b.o ABSOLUTE
    ../clib/microlib/init/entry.s            0x00000000   Number         0  entry8a.o ABSOLUTE
    ../clib/microlib/init/entry.s            0x00000000   Number         0  entry8b.o ABSOLUTE
    ../clib/microlib/init/entry.s            0x00000000   Number         0  entry9a.o ABSOLUTE
    ../clib/microlib/init/entry.s            0x00000000   Number         0  entry9b.o ABSOLUTE
    ../clib/microlib/init/entry.s            0x00000000   Number         0  entry10a.o ABSOLUTE
    ../clib/microlib/init/entry.s            0x00000000   Number         0  entry10b.o ABSOLUTE
    ../clib/microlib/init/entry.s            0x00000000   Number         0  entry11a.o ABSOLUTE
    ../clib/microlib/init/entry.s            0x00000000   Number         0  entry11b.o ABSOLUTE
    ../clib/microlib/longlong.c              0x00000000   Number         0  llshl.o ABSOLUTE
    ../clib/microlib/longlong.c              0x00000000   Number         0  llushr.o ABSOLUTE
    ../clib/microlib/longlong.c              0x00000000   Number         0  llsshr.o ABSOLUTE
    ../clib/microlib/printf/printf.c         0x00000000   Number         0  printfb.o ABSOLUTE
    ../clib/microlib/printf/printf.c         0x00000000   Number         0  printf0.o ABSOLUTE
    ../clib/microlib/printf/printf.c         0x00000000   Number         0  printf1.o ABSOLUTE
    ../clib/microlib/printf/printf.c         0x00000000   Number         0  printf2.o ABSOLUTE
    ../clib/microlib/printf/printf.c         0x00000000   Number         0  printf3.o ABSOLUTE
    ../clib/microlib/printf/printf.c         0x00000000   Number         0  printf4.o ABSOLUTE
    ../clib/microlib/printf/printf.c         0x00000000   Number         0  printf5.o ABSOLUTE
    ../clib/microlib/printf/printf.c         0x00000000   Number         0  printf6.o ABSOLUTE
    ../clib/microlib/printf/printf.c         0x00000000   Number         0  printf7.o ABSOLUTE
    ../clib/microlib/printf/printf.c         0x00000000   Number         0  printf8.o ABSOLUTE
    ../clib/microlib/printf/printf.c         0x00000000   Number         0  printfa.o ABSOLUTE
    ../clib/microlib/printf/stubs.s          0x00000000   Number         0  printfstubs.o ABSOLUTE
    ../clib/microlib/stdio/fputs.c           0x00000000   Number         0  fputs.o ABSOLUTE
    ../clib/microlib/stdio/fputs.c           0x00000000   Number         0  fputs_e.o ABSOLUTE
    ../clib/microlib/stdio/fwrite.c          0x00000000   Number         0  fwrite.o ABSOLUTE
    ../clib/microlib/stdio/fwrite.c          0x00000000   Number         0  fwrite_e.o ABSOLUTE
    ../clib/microlib/stdio/putchar.c         0x00000000   Number         0  putchar.o ABSOLUTE
    ../clib/microlib/stdio/puts.c            0x00000000   Number         0  puts.o ABSOLUTE
    ../clib/microlib/stdio/puts.c            0x00000000   Number         0  puts_e.o ABSOLUTE
    ../clib/microlib/stdio/streams.c         0x00000000   Number         0  stdout.o ABSOLUTE
    ../clib/microlib/stdio/streams.c         0x00000000   Number         0  stderr.o ABSOLUTE
    ../clib/microlib/string/memcpy.c         0x00000000   Number         0  memcpya.o ABSOLUTE
    ../clib/microlib/string/memcpy.c         0x00000000   Number         0  memcpyb.o ABSOLUTE
    ../clib/microlib/stubs.s                 0x00000000   Number         0  iusefp.o ABSOLUTE
    ../fplib/microlib/fpadd.c                0x00000000   Number         0  dadd.o ABSOLUTE
    ../fplib/microlib/fpdiv.c                0x00000000   Number         0  ddiv.o ABSOLUTE
    ../fplib/microlib/fpepilogue.c           0x00000000   Number         0  depilogue.o ABSOLUTE
    ../fplib/microlib/fpfix.c                0x00000000   Number         0  dfixul.o ABSOLUTE
    ../fplib/microlib/fpmul.c                0x00000000   Number         0  dmul.o ABSOLUTE
    cdrcmple.s                               0x00000000   Number         0  cdrcmple.o ABSOLUTE
    dc.s                                     0x00000000   Number         0  dc.o ABSOLUTE
    handlers.s                               0x00000000   Number         0  handlers.o ABSOLUTE
    init.s                                   0x00000000   Number         0  init.o ABSOLUTE
    ld-temp.o                                0x00000000   Number         0  lto-llvm-44cbb5.o ABSOLUTE
    startup_stm32l010x4.s                    0x00000000   Number         0  startup_stm32l010x4.o ABSOLUTE
    RESET                                    0x08000000   Section      192  startup_stm32l010x4.o(RESET)
    .ARM.Collect$$$$00000000                 0x080000c0   Section        0  entry.o(.ARM.Collect$$$$00000000)
    .ARM.Collect$$$$00000001                 0x080000c0   Section        4  entry2.o(.ARM.Collect$$$$00000001)
    .ARM.Collect$$$$00000004                 0x080000c4   Section        4  entry5.o(.ARM.Collect$$$$00000004)
    .ARM.Collect$$$$00000008                 0x080000c8   Section        0  entry7b.o(.ARM.Collect$$$$00000008)
    .ARM.Collect$$$$0000000A                 0x080000c8   Section        0  entry8b.o(.ARM.Collect$$$$0000000A)
    .ARM.Collect$$$$0000000B                 0x080000c8   Section        8  entry9a.o(.ARM.Collect$$$$0000000B)
    __lit__00000000                          0x080000d0   Data           4  entry2.o(.ARM.Collect$$$$00002712)
    .ARM.Collect$$$$0000000D                 0x080000d0   Section        0  entry10a.o(.ARM.Collect$$$$0000000D)
    .ARM.Collect$$$$0000000F                 0x080000d0   Section        0  entry11a.o(.ARM.Collect$$$$0000000F)
    .ARM.Collect$$$$00002712                 0x080000d0   Section        4  entry2.o(.ARM.Collect$$$$00002712)
    .text                                    0x080000d4   Section       88  startup_stm32l010x4.o(.text)
    .text                                    0x0800012c   Section        0  uldiv.o(.text)
    .text                                    0x0800018c   Section        0  iusefp.o(.text)
    .text                                    0x0800018c   Section        0  dadd.o(.text)
    .text                                    0x080002f0   Section        0  dmul.o(.text)
    .text                                    0x080003c0   Section        0  ddiv.o(.text)
    .text                                    0x080004b0   Section        0  dfixul.o(.text)
    .text                                    0x080004f0   Section       40  cdrcmple.o(.text)
    .text                                    0x08000518   Section       36  init.o(.text)
    .text                                    0x0800053c   Section        0  uidiv_div0.o(.text)
    .text                                    0x0800057a   Section        0  llshl.o(.text)
    .text                                    0x0800059a   Section        0  llushr.o(.text)
    .text                                    0x080005bc   Section        0  llsshr.o(.text)
    .text                                    0x080005e2   Section        0  depilogue.o(.text)
    .text                                    0x080006a0   Section        0  memcpya.o(.text)
    HAL_DMA_Abort                            0x080006c5   Thumb Code    60  lto-llvm-44cbb5.o(.text.HAL_DMA_Abort)
    [Anonymous Symbol]                       0x080006c4   Section        0  lto-llvm-44cbb5.o(.text.HAL_DMA_Abort)
    HAL_DMA_Abort_IT                         0x08000701   Thumb Code    72  lto-llvm-44cbb5.o(.text.HAL_DMA_Abort_IT)
    [Anonymous Symbol]                       0x08000700   Section        0  lto-llvm-44cbb5.o(.text.HAL_DMA_Abort_IT)
    HAL_GPIO_Init                            0x08000749   Thumb Code   420  lto-llvm-44cbb5.o(.text.HAL_GPIO_Init)
    [Anonymous Symbol]                       0x08000748   Section        0  lto-llvm-44cbb5.o(.text.HAL_GPIO_Init)
    __arm_cp.17_0                            0x080008ec   Number         4  lto-llvm-44cbb5.o(.text.HAL_GPIO_Init)
    __arm_cp.17_1                            0x080008f0   Number         4  lto-llvm-44cbb5.o(.text.HAL_GPIO_Init)
    __arm_cp.17_2                            0x080008f4   Number         4  lto-llvm-44cbb5.o(.text.HAL_GPIO_Init)
    __arm_cp.17_3                            0x080008f8   Number         4  lto-llvm-44cbb5.o(.text.HAL_GPIO_Init)
    __arm_cp.17_4                            0x080008fc   Number         4  lto-llvm-44cbb5.o(.text.HAL_GPIO_Init)
    HAL_UART_IRQHandler                      0x08000901   Thumb Code   908  lto-llvm-44cbb5.o(.text.HAL_UART_IRQHandler)
    [Anonymous Symbol]                       0x08000900   Section        0  lto-llvm-44cbb5.o(.text.HAL_UART_IRQHandler)
    __arm_cp.15_0                            0x08000c8c   Number         4  lto-llvm-44cbb5.o(.text.HAL_UART_IRQHandler)
    __arm_cp.15_1                            0x08000c90   Number         4  lto-llvm-44cbb5.o(.text.HAL_UART_IRQHandler)
    __arm_cp.15_2                            0x08000c94   Number         4  lto-llvm-44cbb5.o(.text.HAL_UART_IRQHandler)
    HAL_UART_Init                            0x08000c99   Thumb Code  1272  lto-llvm-44cbb5.o(.text.HAL_UART_Init)
    [Anonymous Symbol]                       0x08000c98   Section        0  lto-llvm-44cbb5.o(.text.HAL_UART_Init)
    __arm_cp.13_22                           0x08000ee0   Number         4  lto-llvm-44cbb5.o(.text.HAL_UART_Init)
    __arm_cp.13_23                           0x08000ee4   Number         4  lto-llvm-44cbb5.o(.text.HAL_UART_Init)
    __arm_cp.13_24                           0x08000ee8   Number         4  lto-llvm-44cbb5.o(.text.HAL_UART_Init)
    __arm_cp.13_25                           0x08000eec   Number         4  lto-llvm-44cbb5.o(.text.HAL_UART_Init)
    __arm_cp.13_26                           0x08000ef0   Number         4  lto-llvm-44cbb5.o(.text.HAL_UART_Init)
    __arm_cp.13_27                           0x08000ef4   Number         4  lto-llvm-44cbb5.o(.text.HAL_UART_Init)
    __arm_cp.13_7                            0x08001190   Number         4  lto-llvm-44cbb5.o(.text.HAL_UART_Init)
    __arm_cp.13_8                            0x08001194   Number         4  lto-llvm-44cbb5.o(.text.HAL_UART_Init)
    __arm_cp.13_9                            0x08001198   Number         4  lto-llvm-44cbb5.o(.text.HAL_UART_Init)
    __arm_cp.13_10                           0x0800119c   Number         4  lto-llvm-44cbb5.o(.text.HAL_UART_Init)
    __arm_cp.13_11                           0x080011a0   Number         4  lto-llvm-44cbb5.o(.text.HAL_UART_Init)
    __arm_cp.13_12                           0x080011a4   Number         4  lto-llvm-44cbb5.o(.text.HAL_UART_Init)
    __arm_cp.13_13                           0x080011a8   Number         4  lto-llvm-44cbb5.o(.text.HAL_UART_Init)
    __arm_cp.13_14                           0x080011ac   Number         4  lto-llvm-44cbb5.o(.text.HAL_UART_Init)
    [Anonymous Symbol]                       0x080011b0   Section        0  lto-llvm-44cbb5.o(.text.HardFault_Handler)
    [Anonymous Symbol]                       0x080011b4   Section        0  lto-llvm-44cbb5.o(.text.LPUART1_IRQHandler)
    __arm_cp.11_0                            0x080011c0   Number         4  lto-llvm-44cbb5.o(.text.LPUART1_IRQHandler)
    [Anonymous Symbol]                       0x080011c4   Section        0  lto-llvm-44cbb5.o(.text.NMI_Handler)
    [Anonymous Symbol]                       0x080011c6   Section        0  lto-llvm-44cbb5.o(.text.PendSV_Handler)
    [Anonymous Symbol]                       0x080011c8   Section        0  lto-llvm-44cbb5.o(.text.RTC_IRQHandler)
    __arm_cp.8_0                             0x0800120c   Number         4  lto-llvm-44cbb5.o(.text.RTC_IRQHandler)
    __arm_cp.8_1                             0x08001210   Number         4  lto-llvm-44cbb5.o(.text.RTC_IRQHandler)
    __arm_cp.8_2                             0x08001214   Number         4  lto-llvm-44cbb5.o(.text.RTC_IRQHandler)
    __arm_cp.8_3                             0x08001218   Number         4  lto-llvm-44cbb5.o(.text.RTC_IRQHandler)
    [Anonymous Symbol]                       0x0800121c   Section        0  lto-llvm-44cbb5.o(.text.SVC_Handler)
    StorageRead                              0x0800121f   Thumb Code     2  lto-llvm-44cbb5.o(.text.StorageRead)
    [Anonymous Symbol]                       0x0800121e   Section        0  lto-llvm-44cbb5.o(.text.StorageRead)
    StorageWrite                             0x08001221   Thumb Code     2  lto-llvm-44cbb5.o(.text.StorageWrite)
    [Anonymous Symbol]                       0x08001220   Section        0  lto-llvm-44cbb5.o(.text.StorageWrite)
    [Anonymous Symbol]                       0x08001224   Section        0  lto-llvm-44cbb5.o(.text.SysTick_Handler)
    [Anonymous Symbol]                       0x08001230   Section        0  lto-llvm-44cbb5.o(.text.SystemInit)
    [Anonymous Symbol]                       0x08001234   Section        0  lto-llvm-44cbb5.o(.text.TIM2_IRQHandler)
    __arm_cp.9_0                             0x080012c0   Number         4  lto-llvm-44cbb5.o(.text.TIM2_IRQHandler)
    UART_DMAAbortOnError                     0x080012c5   Thumb Code    16  lto-llvm-44cbb5.o(.text.UART_DMAAbortOnError)
    [Anonymous Symbol]                       0x080012c4   Section        0  lto-llvm-44cbb5.o(.text.UART_DMAAbortOnError)
    UART_WaitOnFlagUntilTimeout              0x080012d5   Thumb Code   260  lto-llvm-44cbb5.o(.text.UART_WaitOnFlagUntilTimeout)
    [Anonymous Symbol]                       0x080012d4   Section        0  lto-llvm-44cbb5.o(.text.UART_WaitOnFlagUntilTimeout)
    __arm_cp.14_0                            0x080013d8   Number         4  lto-llvm-44cbb5.o(.text.UART_WaitOnFlagUntilTimeout)
    [Anonymous Symbol]                       0x080013dc   Section        0  lto-llvm-44cbb5.o(.text.USART2_IRQHandler)
    __arm_cp.10_0                            0x080013e8   Number         4  lto-llvm-44cbb5.o(.text.USART2_IRQHandler)
    [Anonymous Symbol]                       0x080013ec   Section        0  lto-llvm-44cbb5.o(.text.fputc)
    __arm_cp.22_18                           0x080016e0   Number         4  lto-llvm-44cbb5.o(.text.fputc)
    __arm_cp.22_11                           0x0800174c   Number         4  lto-llvm-44cbb5.o(.text.fputc)
    __arm_cp.22_13                           0x08001754   Number         4  lto-llvm-44cbb5.o(.text.fputc)
    __arm_cp.22_14                           0x08001758   Number         4  lto-llvm-44cbb5.o(.text.fputc)
    __arm_cp.22_15                           0x0800175c   Number         4  lto-llvm-44cbb5.o(.text.fputc)
    __arm_cp.22_16                           0x08001760   Number         4  lto-llvm-44cbb5.o(.text.fputc)
    __arm_cp.22_1                            0x08001868   Number         4  lto-llvm-44cbb5.o(.text.fputc)
    __arm_cp.22_3                            0x0800186c   Number         4  lto-llvm-44cbb5.o(.text.fputc)
    __arm_cp.22_8                            0x08001870   Number         4  lto-llvm-44cbb5.o(.text.fputc)
    gstorage_Clock                           0x08001875   Thumb Code    76  lto-llvm-44cbb5.o(.text.gstorage_Clock)
    [Anonymous Symbol]                       0x08001874   Section        0  lto-llvm-44cbb5.o(.text.gstorage_Clock)
    __arm_cp.20_0                            0x080018c0   Number         4  lto-llvm-44cbb5.o(.text.gstorage_Clock)
    __arm_cp.20_1                            0x080018c4   Number         4  lto-llvm-44cbb5.o(.text.gstorage_Clock)
    gstorage_Run                             0x080018e1   Thumb Code   308  lto-llvm-44cbb5.o(.text.gstorage_Run)
    [Anonymous Symbol]                       0x080018e0   Section        0  lto-llvm-44cbb5.o(.text.gstorage_Run)
    __arm_cp.21_0                            0x08001a14   Number         4  lto-llvm-44cbb5.o(.text.gstorage_Run)
    __arm_cp.21_1                            0x08001a18   Number         4  lto-llvm-44cbb5.o(.text.gstorage_Run)
    __arm_cp.21_3                            0x08001a30   Number         4  lto-llvm-44cbb5.o(.text.gstorage_Run)
    __arm_cp.21_4                            0x08001a34   Number         4  lto-llvm-44cbb5.o(.text.gstorage_Run)
    __arm_cp.21_5                            0x08001a38   Number         4  lto-llvm-44cbb5.o(.text.gstorage_Run)
    __arm_cp.21_6                            0x08001a3c   Number         4  lto-llvm-44cbb5.o(.text.gstorage_Run)
    __arm_cp.21_7                            0x08001a40   Number         4  lto-llvm-44cbb5.o(.text.gstorage_Run)
    [Anonymous Symbol]                       0x08001ab0   Section        0  lto-llvm-44cbb5.o(.text.main)
    __arm_cp.2_58                            0x08001e98   Number         4  lto-llvm-44cbb5.o(.text.main)
    __arm_cp.2_66                            0x08001eb8   Number         4  lto-llvm-44cbb5.o(.text.main)
    __arm_cp.2_67                            0x08001ebc   Number         4  lto-llvm-44cbb5.o(.text.main)
    __arm_cp.2_73                            0x080021b8   Number         4  lto-llvm-44cbb5.o(.text.main)
    __arm_cp.2_74                            0x080021bc   Number         4  lto-llvm-44cbb5.o(.text.main)
    __arm_cp.2_76                            0x080021c4   Number         4  lto-llvm-44cbb5.o(.text.main)
    __arm_cp.2_77                            0x080021c8   Number         4  lto-llvm-44cbb5.o(.text.main)
    __arm_cp.2_80                            0x080021d4   Number         4  lto-llvm-44cbb5.o(.text.main)
    __arm_cp.2_81                            0x080021d8   Number         4  lto-llvm-44cbb5.o(.text.main)
    __arm_cp.2_82                            0x080021dc   Number         4  lto-llvm-44cbb5.o(.text.main)
    __arm_cp.2_83                            0x080021e0   Number         4  lto-llvm-44cbb5.o(.text.main)
    __arm_cp.2_84                            0x080021e4   Number         4  lto-llvm-44cbb5.o(.text.main)
    __arm_cp.2_85                            0x080021e8   Number         4  lto-llvm-44cbb5.o(.text.main)
    __arm_cp.2_86                            0x080021ec   Number         4  lto-llvm-44cbb5.o(.text.main)
    __arm_cp.2_87                            0x080021f0   Number         4  lto-llvm-44cbb5.o(.text.main)
    __arm_cp.2_88                            0x080021f4   Number         4  lto-llvm-44cbb5.o(.text.main)
    __arm_cp.2_89                            0x080021f8   Number         4  lto-llvm-44cbb5.o(.text.main)
    __arm_cp.2_90                            0x080021fc   Number         4  lto-llvm-44cbb5.o(.text.main)
    __arm_cp.2_91                            0x08002200   Number         4  lto-llvm-44cbb5.o(.text.main)
    __arm_cp.2_92                            0x08002204   Number         4  lto-llvm-44cbb5.o(.text.main)
    __arm_cp.2_93                            0x08002208   Number         4  lto-llvm-44cbb5.o(.text.main)
    __arm_cp.2_95                            0x0800253c   Number         4  lto-llvm-44cbb5.o(.text.main)
    __arm_cp.2_99                            0x0800254c   Number         4  lto-llvm-44cbb5.o(.text.main)
    __arm_cp.2_1                             0x08002878   Number         4  lto-llvm-44cbb5.o(.text.main)
    __arm_cp.2_2                             0x0800287c   Number         4  lto-llvm-44cbb5.o(.text.main)
    __arm_cp.2_3                             0x08002880   Number         4  lto-llvm-44cbb5.o(.text.main)
    __arm_cp.2_24                            0x08002884   Number         4  lto-llvm-44cbb5.o(.text.main)
    __arm_cp.2_26                            0x08002888   Number         4  lto-llvm-44cbb5.o(.text.main)
    __arm_cp.2_27                            0x0800288c   Number         4  lto-llvm-44cbb5.o(.text.main)
    __arm_cp.2_29                            0x08002890   Number         4  lto-llvm-44cbb5.o(.text.main)
    __arm_cp.2_30                            0x08002894   Number         4  lto-llvm-44cbb5.o(.text.main)
    __arm_cp.2_31                            0x08002898   Number         4  lto-llvm-44cbb5.o(.text.main)
    __arm_cp.2_32                            0x0800289c   Number         4  lto-llvm-44cbb5.o(.text.main)
    __arm_cp.2_33                            0x080028a0   Number         4  lto-llvm-44cbb5.o(.text.main)
    __arm_cp.2_34                            0x080028a4   Number         4  lto-llvm-44cbb5.o(.text.main)
    __arm_cp.2_35                            0x080028a8   Number         4  lto-llvm-44cbb5.o(.text.main)
    __arm_cp.2_36                            0x080028ac   Number         4  lto-llvm-44cbb5.o(.text.main)
    __arm_cp.2_37                            0x080028b0   Number         4  lto-llvm-44cbb5.o(.text.main)
    __arm_cp.2_38                            0x080028b4   Number         4  lto-llvm-44cbb5.o(.text.main)
    __arm_cp.2_39                            0x080028b8   Number         4  lto-llvm-44cbb5.o(.text.main)
    __arm_cp.2_40                            0x080028bc   Number         4  lto-llvm-44cbb5.o(.text.main)
    __arm_cp.2_42                            0x080028d0   Number         4  lto-llvm-44cbb5.o(.text.main)
    __arm_cp.2_43                            0x080028d4   Number         4  lto-llvm-44cbb5.o(.text.main)
    __arm_cp.2_45                            0x080028dc   Number         4  lto-llvm-44cbb5.o(.text.main)
    __arm_cp.2_46                            0x080028e0   Number         4  lto-llvm-44cbb5.o(.text.main)
    __arm_cp.2_47                            0x080028e4   Number         4  lto-llvm-44cbb5.o(.text.main)
    __arm_cp.2_48                            0x080028e8   Number         4  lto-llvm-44cbb5.o(.text.main)
    __arm_cp.2_49                            0x080028ec   Number         4  lto-llvm-44cbb5.o(.text.main)
    __arm_cp.2_50                            0x080028f0   Number         4  lto-llvm-44cbb5.o(.text.main)
    __arm_cp.2_51                            0x080028f4   Number         4  lto-llvm-44cbb5.o(.text.main)
    i.__0printf                              0x08002928   Section        0  printfa.o(i.__0printf)
    i.__ARM_clz                              0x08002948   Section        0  depilogue.o(i.__ARM_clz)
    i.__scatterload_copy                     0x08002976   Section       14  handlers.o(i.__scatterload_copy)
    i.__scatterload_null                     0x08002984   Section        2  handlers.o(i.__scatterload_null)
    i.__scatterload_zeroinit                 0x08002986   Section       14  handlers.o(i.__scatterload_zeroinit)
    _fp_digits                               0x08002995   Thumb Code   344  printfa.o(i._fp_digits)
    i._fp_digits                             0x08002994   Section        0  printfa.o(i._fp_digits)
    _printf_core                             0x08002b09   Thumb Code  1754  printfa.o(i._printf_core)
    i._printf_core                           0x08002b08   Section        0  printfa.o(i._printf_core)
    _printf_post_padding                     0x080031f5   Thumb Code    32  printfa.o(i._printf_post_padding)
    i._printf_post_padding                   0x080031f4   Section        0  printfa.o(i._printf_post_padding)
    _printf_pre_padding                      0x08003215   Thumb Code    44  printfa.o(i._printf_pre_padding)
    i._printf_pre_padding                    0x08003214   Section        0  printfa.o(i._printf_pre_padding)
    i.putchar                                0x08003240   Section        0  putchar.o(i.putchar)
    i.puts                                   0x08003250   Section        0  puts.o(i.puts)
    PLLMulTable                              0x08003270   Data           9  lto-llvm-44cbb5.o(.rodata)
    [Anonymous Symbol]                       0x08003270   Section        0  lto-llvm-44cbb5.o(.rodata)
    __tagsym$$used.0                         0x0800327c   Number         0  lto-llvm-44cbb5.o(.rodata.EventRecorderInfo)
    AHBPrescTable                            0x08003294   Data          16  lto-llvm-44cbb5.o(.rodata.cst16)
    [Anonymous Symbol]                       0x08003294   Section        0  lto-llvm-44cbb5.o(.rodata.cst16)
    APBPrescTable                            0x080032a4   Data           8  lto-llvm-44cbb5.o(.rodata.cst8)
    [Anonymous Symbol]                       0x080032a4   Section        0  lto-llvm-44cbb5.o(.rodata.cst8)
    [Anonymous Symbol]                       0x080032ac   Section        0  lto-llvm-44cbb5.o(.rodata.str1.1)
    .data                                    0x20000000   Section        4  stdout.o(.data)
    SystemCoreClock                          0x20000004   Data           4  lto-llvm-44cbb5.o(.data)
    [Anonymous Symbol]                       0x20000004   Section        0  lto-llvm-44cbb5.o(.data)
    s_tStorageBaseCfg                        0x20000008   Data          16  lto-llvm-44cbb5.o(.data)
    hrtc                                     0x20000040   Data          36  lto-llvm-44cbb5.o(.bss)
    [Anonymous Symbol]                       0x20000040   Section        0  lto-llvm-44cbb5.o(.bss)
    htim2                                    0x20000064   Data          64  lto-llvm-44cbb5.o(.bss)
    huart2                                   0x200000a4   Data         136  lto-llvm-44cbb5.o(.bss)
    hlpuart1                                 0x2000012c   Data         136  lto-llvm-44cbb5.o(.bss)
    uwTick                                   0x200001b4   Data           4  lto-llvm-44cbb5.o(.bss)
    uwTickPrio                               0x200001b8   Data           1  lto-llvm-44cbb5.o(.bss)
    gbase_Init.chInitCount                   0x200001b9   Data           1  lto-llvm-44cbb5.o(.bss)
    tListObject                              0x200001bc   Data          20  lto-llvm-44cbb5.o(.bss)
    tListCoroutine                           0x200001d0   Data          20  lto-llvm-44cbb5.o(.bss)
    tGstorageCfg.0                           0x200001e4   Data           4  lto-llvm-44cbb5.o(.bss)
    tGstorage                                0x200001e8   Data          12  lto-llvm-44cbb5.o(.bss)
    s_tStorageBase                           0x200001f4   Data          56  lto-llvm-44cbb5.o(.bss)
    TS_OverflowLock                          0x2000022c   Data           1  lto-llvm-44cbb5.o(.bss)
    stdout_putchar.index                     0x20000230   Data           4  lto-llvm-44cbb5.o(.bss)
    stdout_putchar.buffer                    0x20000234   Data           8  lto-llvm-44cbb5.o(.bss)
    EventBuffer                              0x20000240   Data        1024  lto-llvm-44cbb5.o(.bss.noinit)
    [Anonymous Symbol]                       0x20000240   Section        0  lto-llvm-44cbb5.o(.bss.noinit)
    EventFilter                              0x20000640   Data         128  lto-llvm-44cbb5.o(.bss.noinit)
    EventStatus                              0x200006c0   Data          36  lto-llvm-44cbb5.o(.bss.noinit)
    TimeStamp                                0x200006e4   Data           4  lto-llvm-44cbb5.o(.bss.noinit)
    STACK                                    0x200006e8   Section      256  startup_stm32l010x4.o(STACK)

    Global Symbols

    Symbol Name                              Value     Ov Type        Size  Object(Section)

    BuildAttributes$$THM_ISAv3M$S$PE$A:L22$X:L11$S22$IEEE1$IW$~IW$USESV6$~STKCKD$USESV7$~SHL$OTIME$ROPI$IEEEF$EBA8$MICROLIB$REQ8$PRES8$EABIv2 0x00000000   Number         0  anon$$obj.o ABSOLUTE
    _printf_a                                0x00000000   Number         0  printfstubs.o ABSOLUTE
    _printf_c                                0x00000000   Number         0  printfstubs.o ABSOLUTE
    _printf_charcount                        0x00000000   Number         0  printfstubs.o ABSOLUTE
    _printf_d                                0x00000000   Number         0  printfstubs.o ABSOLUTE
    _printf_e                                0x00000000   Number         0  printfstubs.o ABSOLUTE
    _printf_f                                0x00000000   Number         0  printfstubs.o ABSOLUTE
    _printf_flags                            0x00000000   Number         0  printfstubs.o ABSOLUTE
    _printf_fp_dec                           0x00000000   Number         0  printfstubs.o ABSOLUTE
    _printf_fp_hex                           0x00000000   Number         0  printfstubs.o ABSOLUTE
    _printf_g                                0x00000000   Number         0  printfstubs.o ABSOLUTE
    _printf_i                                0x00000000   Number         0  printfstubs.o ABSOLUTE
    _printf_int_dec                          0x00000000   Number         0  printfstubs.o ABSOLUTE
    _printf_l                                0x00000000   Number         0  printfstubs.o ABSOLUTE
    _printf_lc                               0x00000000   Number         0  printfstubs.o ABSOLUTE
    _printf_ll                               0x00000000   Number         0  printfstubs.o ABSOLUTE
    _printf_lld                              0x00000000   Number         0  printfstubs.o ABSOLUTE
    _printf_lli                              0x00000000   Number         0  printfstubs.o ABSOLUTE
    _printf_llo                              0x00000000   Number         0  printfstubs.o ABSOLUTE
    _printf_llu                              0x00000000   Number         0  printfstubs.o ABSOLUTE
    _printf_llx                              0x00000000   Number         0  printfstubs.o ABSOLUTE
    _printf_longlong_dec                     0x00000000   Number         0  printfstubs.o ABSOLUTE
    _printf_longlong_hex                     0x00000000   Number         0  printfstubs.o ABSOLUTE
    _printf_longlong_oct                     0x00000000   Number         0  printfstubs.o ABSOLUTE
    _printf_ls                               0x00000000   Number         0  printfstubs.o ABSOLUTE
    _printf_mbtowc                           0x00000000   Number         0  printfstubs.o ABSOLUTE
    _printf_n                                0x00000000   Number         0  printfstubs.o ABSOLUTE
    _printf_o                                0x00000000   Number         0  printfstubs.o ABSOLUTE
    _printf_p                                0x00000000   Number         0  printfstubs.o ABSOLUTE
    _printf_percent                          0x00000000   Number         0  printfstubs.o ABSOLUTE
    _printf_pre_padding                      0x00000000   Number         0  printfstubs.o ABSOLUTE
    _printf_return_value                     0x00000000   Number         0  printfstubs.o ABSOLUTE
    _printf_s                                0x00000000   Number         0  printfstubs.o ABSOLUTE
    _printf_sizespec                         0x00000000   Number         0  printfstubs.o ABSOLUTE
    _printf_str                              0x00000000   Number         0  printfstubs.o ABSOLUTE
    _printf_truncate_signed                  0x00000000   Number         0  printfstubs.o ABSOLUTE
    _printf_truncate_unsigned                0x00000000   Number         0  printfstubs.o ABSOLUTE
    _printf_u                                0x00000000   Number         0  printfstubs.o ABSOLUTE
    _printf_wc                               0x00000000   Number         0  printfstubs.o ABSOLUTE
    _printf_wctomb                           0x00000000   Number         0  printfstubs.o ABSOLUTE
    _printf_widthprec                        0x00000000   Number         0  printfstubs.o ABSOLUTE
    _printf_x                                0x00000000   Number         0  printfstubs.o ABSOLUTE
    __cpp_initialize__aeabi_                  - Undefined Weak Reference
    __cxa_finalize                            - Undefined Weak Reference
    __decompress                              - Undefined Weak Reference
    _clock_init                               - Undefined Weak Reference
    _microlib_exit                            - Undefined Weak Reference
    __Vectors_Size                           0x000000c0   Number         0  startup_stm32l010x4.o ABSOLUTE
    __Vectors                                0x08000000   Data           4  startup_stm32l010x4.o(RESET)
    __Vectors_End                            0x080000c0   Data           0  startup_stm32l010x4.o(RESET)
    __main                                   0x080000c1   Thumb Code     0  entry.o(.ARM.Collect$$$$00000000)
    _main_stk                                0x080000c1   Thumb Code     0  entry2.o(.ARM.Collect$$$$00000001)
    _main_scatterload                        0x080000c5   Thumb Code     0  entry5.o(.ARM.Collect$$$$00000004)
    __main_after_scatterload                 0x080000c9   Thumb Code     0  entry5.o(.ARM.Collect$$$$00000004)
    _main_clock                              0x080000c9   Thumb Code     0  entry7b.o(.ARM.Collect$$$$00000008)
    _main_cpp_init                           0x080000c9   Thumb Code     0  entry8b.o(.ARM.Collect$$$$0000000A)
    _main_init                               0x080000c9   Thumb Code     0  entry9a.o(.ARM.Collect$$$$0000000B)
    __rt_final_cpp                           0x080000d1   Thumb Code     0  entry10a.o(.ARM.Collect$$$$0000000D)
    __rt_final_exit                          0x080000d1   Thumb Code     0  entry11a.o(.ARM.Collect$$$$0000000F)
    Reset_Handler                            0x080000d5   Thumb Code    38  startup_stm32l010x4.o(.text)
    ADC1_IRQHandler                          0x08000105   Thumb Code     0  startup_stm32l010x4.o(.text)
    DMA1_Channel1_IRQHandler                 0x08000105   Thumb Code     0  startup_stm32l010x4.o(.text)
    DMA1_Channel2_3_IRQHandler               0x08000105   Thumb Code     0  startup_stm32l010x4.o(.text)
    DMA1_Channel4_5_IRQHandler               0x08000105   Thumb Code     0  startup_stm32l010x4.o(.text)
    EXTI0_1_IRQHandler                       0x08000105   Thumb Code     0  startup_stm32l010x4.o(.text)
    EXTI2_3_IRQHandler                       0x08000105   Thumb Code     0  startup_stm32l010x4.o(.text)
    EXTI4_15_IRQHandler                      0x08000105   Thumb Code     0  startup_stm32l010x4.o(.text)
    FLASH_IRQHandler                         0x08000105   Thumb Code     0  startup_stm32l010x4.o(.text)
    I2C1_IRQHandler                          0x08000105   Thumb Code     0  startup_stm32l010x4.o(.text)
    LPTIM1_IRQHandler                        0x08000105   Thumb Code     0  startup_stm32l010x4.o(.text)
    RCC_IRQHandler                           0x08000105   Thumb Code     0  startup_stm32l010x4.o(.text)
    SPI1_IRQHandler                          0x08000105   Thumb Code     0  startup_stm32l010x4.o(.text)
    TIM21_IRQHandler                         0x08000105   Thumb Code     0  startup_stm32l010x4.o(.text)
    WWDG_IRQHandler                          0x08000105   Thumb Code     0  startup_stm32l010x4.o(.text)
    __aeabi_uldivmod                         0x0800012d   Thumb Code    96  uldiv.o(.text)
    __I$use$fp                               0x0800018d   Thumb Code     0  iusefp.o(.text)
    __aeabi_dadd                             0x0800018d   Thumb Code   328  dadd.o(.text)
    __aeabi_dsub                             0x080002d5   Thumb Code    12  dadd.o(.text)
    __aeabi_drsub                            0x080002e1   Thumb Code    12  dadd.o(.text)
    __aeabi_dmul                             0x080002f1   Thumb Code   202  dmul.o(.text)
    __aeabi_ddiv                             0x080003c1   Thumb Code   234  ddiv.o(.text)
    __aeabi_d2ulz                            0x080004b1   Thumb Code    54  dfixul.o(.text)
    __aeabi_cdrcmple                         0x080004f1   Thumb Code    38  cdrcmple.o(.text)
    __scatterload                            0x08000519   Thumb Code    28  init.o(.text)
    __scatterload_rt2                        0x08000519   Thumb Code     0  init.o(.text)
    __aeabi_uidiv                            0x0800053d   Thumb Code     0  uidiv_div0.o(.text)
    __aeabi_uidivmod                         0x0800053d   Thumb Code    62  uidiv_div0.o(.text)
    __aeabi_llsl                             0x0800057b   Thumb Code    32  llshl.o(.text)
    _ll_shift_l                              0x0800057b   Thumb Code     0  llshl.o(.text)
    __aeabi_llsr                             0x0800059b   Thumb Code    34  llushr.o(.text)
    _ll_ushift_r                             0x0800059b   Thumb Code     0  llushr.o(.text)
    __aeabi_lasr                             0x080005bd   Thumb Code    38  llsshr.o(.text)
    _ll_sshift_r                             0x080005bd   Thumb Code     0  llsshr.o(.text)
    _double_round                            0x080005e3   Thumb Code    26  depilogue.o(.text)
    _double_epilogue                         0x080005fd   Thumb Code   164  depilogue.o(.text)
    __aeabi_memcpy                           0x080006a1   Thumb Code    36  memcpya.o(.text)
    __aeabi_memcpy4                          0x080006a1   Thumb Code     0  memcpya.o(.text)
    __aeabi_memcpy8                          0x080006a1   Thumb Code     0  memcpya.o(.text)
    HardFault_Handler                        0x080011b1   Thumb Code     2  lto-llvm-44cbb5.o(.text.HardFault_Handler)
    LPUART1_IRQHandler                       0x080011b5   Thumb Code    12  lto-llvm-44cbb5.o(.text.LPUART1_IRQHandler)
    NMI_Handler                              0x080011c5   Thumb Code     2  lto-llvm-44cbb5.o(.text.NMI_Handler)
    PendSV_Handler                           0x080011c7   Thumb Code     2  lto-llvm-44cbb5.o(.text.PendSV_Handler)
    RTC_IRQHandler                           0x080011c9   Thumb Code    68  lto-llvm-44cbb5.o(.text.RTC_IRQHandler)
    SVC_Handler                              0x0800121d   Thumb Code     2  lto-llvm-44cbb5.o(.text.SVC_Handler)
    SysTick_Handler                          0x08001225   Thumb Code    12  lto-llvm-44cbb5.o(.text.SysTick_Handler)
    SystemInit                               0x08001231   Thumb Code     2  lto-llvm-44cbb5.o(.text.SystemInit)
    TIM2_IRQHandler                          0x08001235   Thumb Code   140  lto-llvm-44cbb5.o(.text.TIM2_IRQHandler)
    USART2_IRQHandler                        0x080013dd   Thumb Code    12  lto-llvm-44cbb5.o(.text.USART2_IRQHandler)
    fputc                                    0x080013ed   Thumb Code  1148  lto-llvm-44cbb5.o(.text.fputc)
    main                                     0x08001ab1   Thumb Code  3528  lto-llvm-44cbb5.o(.text.main)
    __0printf                                0x08002929   Thumb Code    24  printfa.o(i.__0printf)
    __1printf                                0x08002929   Thumb Code     0  printfa.o(i.__0printf)
    __2printf                                0x08002929   Thumb Code     0  printfa.o(i.__0printf)
    __c89printf                              0x08002929   Thumb Code     0  printfa.o(i.__0printf)
    printf                                   0x08002929   Thumb Code     0  printfa.o(i.__0printf)
    __ARM_clz                                0x08002949   Thumb Code    46  depilogue.o(i.__ARM_clz)
    __scatterload_copy                       0x08002977   Thumb Code    14  handlers.o(i.__scatterload_copy)
    __scatterload_null                       0x08002985   Thumb Code     2  handlers.o(i.__scatterload_null)
    __scatterload_zeroinit                   0x08002987   Thumb Code    14  handlers.o(i.__scatterload_zeroinit)
    putchar                                  0x08003241   Thumb Code    10  putchar.o(i.putchar)
    puts                                     0x08003251   Thumb Code    28  puts.o(i.puts)
    EventRecorderInfo                        0x0800327c   Data          24  lto-llvm-44cbb5.o(.rodata.EventRecorderInfo)
    Region$$Table$$Base                      0x080032f8   Number         0  anon$$obj.o(Region$$Table)
    Region$$Table$$Limit                     0x08003318   Number         0  anon$$obj.o(Region$$Table)
    __stdout                                 0x20000000   Data           4  stdout.o(.data)
    __initial_sp                             0x200007e8   Data           0  startup_stm32l010x4.o(STACK)



==============================================================================

Memory Map of the image

  Image Entry point : 0x080000c1

  Load Region LR_IROM1 (Base: 0x08000000, Size: 0x00003380, Max: 0x00004000, ABSOLUTE)

    Execution Region ER_IROM1 (Exec base: 0x08000000, Load base: 0x08000000, Size: 0x00003318, Max: 0x00004000, ABSOLUTE)

    Exec Addr    Load Addr    Size         Type   Attr      Idx    E Section Name        Object

    0x08000000   0x08000000   0x000000c0   Data   RO            3    RESET               startup_stm32l010x4.o
    0x080000c0   0x080000c0   0x00000000   Code   RO           51  * .ARM.Collect$$$$00000000  mc_p.l(entry.o)
    0x080000c0   0x080000c0   0x00000004   Code   RO          331    .ARM.Collect$$$$00000001  mc_p.l(entry2.o)
    0x080000c4   0x080000c4   0x00000004   Code   RO          334    .ARM.Collect$$$$00000004  mc_p.l(entry5.o)
    0x080000c8   0x080000c8   0x00000000   Code   RO          336    .ARM.Collect$$$$00000008  mc_p.l(entry7b.o)
    0x080000c8   0x080000c8   0x00000000   Code   RO          338    .ARM.Collect$$$$0000000A  mc_p.l(entry8b.o)
    0x080000c8   0x080000c8   0x00000008   Code   RO          339    .ARM.Collect$$$$0000000B  mc_p.l(entry9a.o)
    0x080000d0   0x080000d0   0x00000000   Code   RO          341    .ARM.Collect$$$$0000000D  mc_p.l(entry10a.o)
    0x080000d0   0x080000d0   0x00000000   Code   RO          343    .ARM.Collect$$$$0000000F  mc_p.l(entry11a.o)
    0x080000d0   0x080000d0   0x00000004   Code   RO          332    .ARM.Collect$$$$00002712  mc_p.l(entry2.o)
    0x080000d4   0x080000d4   0x00000058   Code   RO            4    .text               startup_stm32l010x4.o
    0x0800012c   0x0800012c   0x00000060   Code   RO          349    .text               mc_p.l(uldiv.o)
    0x0800018c   0x0800018c   0x00000000   Code   RO          351    .text               mc_p.l(iusefp.o)
    0x0800018c   0x0800018c   0x00000164   Code   RO          352    .text               mf_p.l(dadd.o)
    0x080002f0   0x080002f0   0x000000d0   Code   RO          354    .text               mf_p.l(dmul.o)
    0x080003c0   0x080003c0   0x000000f0   Code   RO          356    .text               mf_p.l(ddiv.o)
    0x080004b0   0x080004b0   0x00000040   Code   RO          358    .text               mf_p.l(dfixul.o)
    0x080004f0   0x080004f0   0x00000028   Code   RO          360    .text               mf_p.l(cdrcmple.o)
    0x08000518   0x08000518   0x00000024   Code   RO          362    .text               mc_p.l(init.o)
    0x0800053c   0x0800053c   0x0000003e   Code   RO          366    .text               mc_p.l(uidiv_div0.o)
    0x0800057a   0x0800057a   0x00000020   Code   RO          372    .text               mc_p.l(llshl.o)
    0x0800059a   0x0800059a   0x00000022   Code   RO          374    .text               mc_p.l(llushr.o)
    0x080005bc   0x080005bc   0x00000026   Code   RO          376    .text               mc_p.l(llsshr.o)
    0x080005e2   0x080005e2   0x000000be   Code   RO          378    .text               mf_p.l(depilogue.o)
    0x080006a0   0x080006a0   0x00000024   Code   RO          447    .text               mc_p.l(memcpya.o)
    0x080006c4   0x080006c4   0x0000003c   Code   RO          419    .text.HAL_DMA_Abort  lto-llvm-44cbb5.o
    0x08000700   0x08000700   0x00000048   Code   RO          421    .text.HAL_DMA_Abort_IT  lto-llvm-44cbb5.o
    0x08000748   0x08000748   0x000001b8   Code   RO          417    .text.HAL_GPIO_Init  lto-llvm-44cbb5.o
    0x08000900   0x08000900   0x00000398   Code   RO          413    .text.HAL_UART_IRQHandler  lto-llvm-44cbb5.o
    0x08000c98   0x08000c98   0x00000518   Code   RO          409    .text.HAL_UART_Init  lto-llvm-44cbb5.o
    0x080011b0   0x080011b0   0x00000002   Code   RO          391    .text.HardFault_Handler  lto-llvm-44cbb5.o
    0x080011b2   0x080011b2   0x00000002   PAD
    0x080011b4   0x080011b4   0x00000010   Code   RO          405    .text.LPUART1_IRQHandler  lto-llvm-44cbb5.o
    0x080011c4   0x080011c4   0x00000002   Code   RO          389    .text.NMI_Handler   lto-llvm-44cbb5.o
    0x080011c6   0x080011c6   0x00000002   Code   RO          395    .text.PendSV_Handler  lto-llvm-44cbb5.o
    0x080011c8   0x080011c8   0x00000054   Code   RO          399    .text.RTC_IRQHandler  lto-llvm-44cbb5.o
    0x0800121c   0x0800121c   0x00000002   Code   RO          393    .text.SVC_Handler   lto-llvm-44cbb5.o
    0x0800121e   0x0800121e   0x00000002   Code   RO          385    .text.StorageRead   lto-llvm-44cbb5.o
    0x08001220   0x08001220   0x00000002   Code   RO          383    .text.StorageWrite  lto-llvm-44cbb5.o
    0x08001222   0x08001222   0x00000002   PAD
    0x08001224   0x08001224   0x0000000c   Code   RO          397    .text.SysTick_Handler  lto-llvm-44cbb5.o
    0x08001230   0x08001230   0x00000002   Code   RO          407    .text.SystemInit    lto-llvm-44cbb5.o
    0x08001232   0x08001232   0x00000002   PAD
    0x08001234   0x08001234   0x00000090   Code   RO          401    .text.TIM2_IRQHandler  lto-llvm-44cbb5.o
    0x080012c4   0x080012c4   0x00000010   Code   RO          415    .text.UART_DMAAbortOnError  lto-llvm-44cbb5.o
    0x080012d4   0x080012d4   0x00000108   Code   RO          411    .text.UART_WaitOnFlagUntilTimeout  lto-llvm-44cbb5.o
    0x080013dc   0x080013dc   0x00000010   Code   RO          403    .text.USART2_IRQHandler  lto-llvm-44cbb5.o
    0x080013ec   0x080013ec   0x00000488   Code   RO          427    .text.fputc         lto-llvm-44cbb5.o
    0x08001874   0x08001874   0x0000006c   Code   RO          423    .text.gstorage_Clock  lto-llvm-44cbb5.o
    0x080018e0   0x080018e0   0x000001d0   Code   RO          425    .text.gstorage_Run  lto-llvm-44cbb5.o
    0x08001ab0   0x08001ab0   0x00000e78   Code   RO          387    .text.main          lto-llvm-44cbb5.o
    0x08002928   0x08002928   0x00000020   Code   RO          303    i.__0printf         mc_p.l(printfa.o)
    0x08002948   0x08002948   0x0000002e   Code   RO          380    i.__ARM_clz         mf_p.l(depilogue.o)
    0x08002976   0x08002976   0x0000000e   Code   RO          453    i.__scatterload_copy  mc_p.l(handlers.o)
    0x08002984   0x08002984   0x00000002   Code   RO          454    i.__scatterload_null  mc_p.l(handlers.o)
    0x08002986   0x08002986   0x0000000e   Code   RO          455    i.__scatterload_zeroinit  mc_p.l(handlers.o)
    0x08002994   0x08002994   0x00000174   Code   RO          310    i._fp_digits        mc_p.l(printfa.o)
    0x08002b08   0x08002b08   0x000006ec   Code   RO          311    i._printf_core      mc_p.l(printfa.o)
    0x080031f4   0x080031f4   0x00000020   Code   RO          312    i._printf_post_padding  mc_p.l(printfa.o)
    0x08003214   0x08003214   0x0000002c   Code   RO          313    i._printf_pre_padding  mc_p.l(printfa.o)
    0x08003240   0x08003240   0x00000010   Code   RO           60    i.putchar           mc_p.l(putchar.o)
    0x08003250   0x08003250   0x00000020   Code   RO           56    i.puts              mc_p.l(puts.o)
    0x08003270   0x08003270   0x00000009   Data   RO          434    .rodata             lto-llvm-44cbb5.o
    0x08003279   0x08003279   0x00000003   PAD
    0x0800327c   0x0800327c   0x00000018   Data   RO          439    .rodata.EventRecorderInfo  lto-llvm-44cbb5.o
    0x08003294   0x08003294   0x00000010   Data   RO          433    .rodata.cst16       lto-llvm-44cbb5.o
    0x080032a4   0x080032a4   0x00000008   Data   RO          435    .rodata.cst8        lto-llvm-44cbb5.o
    0x080032ac   0x080032ac   0x0000004b   Data   RO          437    .rodata.str1.1      lto-llvm-44cbb5.o
    0x080032f7   0x080032f7   0x00000001   PAD
    0x080032f8   0x080032f8   0x00000020   Data   RO          452    Region$$Table       anon$$obj.o


    Execution Region RW_IRAM1 (Exec base: 0x20000000, Load base: 0x08003340, Size: 0x000007e8, Max: 0x00000800, ABSOLUTE)

    Exec Addr    Load Addr    Size         Type   Attr      Idx    E Section Name        Object

    0x20000000   0x08003340   0x00000004   Data   RW           68    .data               mc_p.l(stdout.o)
    0x20000004   0x08003344   0x00000014   Data   RW          436    .data               lto-llvm-44cbb5.o
    0x20000018   0x08003358   0x00000028   PAD
    0x20000040        -       0x000001fc   Zero   RW          432    .bss                lto-llvm-44cbb5.o
    0x2000023c   0x08003358   0x00000004   PAD
    0x20000240        -       0x000004a8   Zero   RW          438    .bss.noinit         lto-llvm-44cbb5.o
    0x200006e8        -       0x00000100   Zero   RW            1    STACK               startup_stm32l010x4.o


==============================================================================

Image component sizes


      Code (inc. data)   RO Data    RW Data    ZI Data      Debug   Object Name

      8798        822        132         20       1700      82404   lto-llvm-44cbb5.o
        88         38        192          0        256        660   startup_stm32l010x4.o

    ----------------------------------------------------------------------
      8892        860        360         20       2000      83064   Object Totals
         0          0         32          0          0          0   (incl. Generated)
         6          0          4          0         44          0   (incl. Padding)

    ----------------------------------------------------------------------

      Code (inc. data)   RO Data    RW Data    ZI Data      Debug   Library Member Name

         0          0          0          0          0          0   entry.o
         0          0          0          0          0          0   entry10a.o
         0          0          0          0          0          0   entry11a.o
         8          4          0          0          0          0   entry2.o
         4          0          0          0          0          0   entry5.o
         0          0          0          0          0          0   entry7b.o
         0          0          0          0          0          0   entry8b.o
         8          4          0          0          0          0   entry9a.o
        30          0          0          0          0          0   handlers.o
        36          8          0          0          0         68   init.o
         0          0          0          0          0          0   iusefp.o
        32          0          0          0          0         68   llshl.o
        38          0          0          0          0         68   llsshr.o
        34          0          0          0          0         68   llushr.o
        36          0          0          0          0         60   memcpya.o
      2252         98          0          0          0        412   printfa.o
        16          6          0          0          0         68   putchar.o
        32          4          0          0          0         68   puts.o
         0          0          0          4          0          0   stdout.o
        62          0          0          0          0         72   uidiv_div0.o
        96          0          0          0          0         84   uldiv.o
        40          2          0          0          0         68   cdrcmple.o
       356          4          0          0          0        140   dadd.o
       240          6          0          0          0         84   ddiv.o
       236          0          0          0          0        216   depilogue.o
        64         10          0          0          0         68   dfixul.o
       208          6          0          0          0         88   dmul.o

    ----------------------------------------------------------------------
      3828        152          0          4          0       1700   Library Totals
         0          0          0          0          0          0   (incl. Padding)

    ----------------------------------------------------------------------

      Code (inc. data)   RO Data    RW Data    ZI Data      Debug   Library Name

      2684        124          0          4          0       1036   mc_p.l
      1144         28          0          0          0        664   mf_p.l

    ----------------------------------------------------------------------
      3828        152          0          4          0       1700   Library Totals

    ----------------------------------------------------------------------

==============================================================================


      Code (inc. data)   RO Data    RW Data    ZI Data      Debug   

     12720       1012        360         24       2000      84072   Grand Totals
     12720       1012        360         24       2000      84072   ELF Image Totals
     12720       1012        360         24          0          0   ROM Totals

==============================================================================

    Total RO  Size (Code + RO Data)                13080 (  12.77kB)
    Total RW  Size (RW Data + ZI Data)              2024 (   1.98kB)
    Total ROM Size (Code + RO Data + RW Data)      13104 (  12.80kB)

==============================================================================

