Component: Arm Compiler for Embedded 6.18 Tool: armlink [5e4cc100]

==============================================================================

Section Cross References

    startup_stm32l010x4.o(RESET) refers to startup_stm32l010x4.o(STACK) for __initial_sp
    startup_stm32l010x4.o(RESET) refers to startup_stm32l010x4.o(.text) for Reset_Handler
    startup_stm32l010x4.o(RESET) refers to lto-llvm-460b42.o(.text.NMI_Handler) for NMI_Handler
    startup_stm32l010x4.o(RESET) refers to lto-llvm-460b42.o(.text.HardFault_Handler) for HardFault_Handler
    startup_stm32l010x4.o(RESET) refers to lto-llvm-460b42.o(.text.SVC_Handler) for SVC_Handler
    startup_stm32l010x4.o(RESET) refers to lto-llvm-460b42.o(.text.PendSV_Handler) for PendSV_Handler
    startup_stm32l010x4.o(RESET) refers to lto-llvm-460b42.o(.text.SysTick_Handler) for SysTick_Handler
    startup_stm32l010x4.o(RESET) refers to lto-llvm-460b42.o(.text.RTC_IRQHandler) for RTC_IRQHandler
    startup_stm32l010x4.o(RESET) refers to lto-llvm-460b42.o(.text.TIM2_IRQHandler) for TIM2_IRQHandler
    startup_stm32l010x4.o(RESET) refers to lto-llvm-460b42.o(.text.USART2_IRQHandler) for USART2_IRQHandler
    startup_stm32l010x4.o(RESET) refers to lto-llvm-460b42.o(.text.LPUART1_IRQHandler) for LPUART1_IRQHandler
    startup_stm32l010x4.o(.text) refers to startup_stm32l010x4.o(STACK) for __initial_sp
    startup_stm32l010x4.o(.text) refers to lto-llvm-460b42.o(.text.SystemInit) for SystemInit
    startup_stm32l010x4.o(.text) refers to entry.o(.ARM.Collect$$$$00000000) for __main
    entry.o(.ARM.Collect$$$$00000000) refers (Special) to entry10a.o(.ARM.Collect$$$$0000000D) for __rt_final_cpp
    entry.o(.ARM.Collect$$$$00000000) refers (Special) to entry11a.o(.ARM.Collect$$$$0000000F) for __rt_final_exit
    entry.o(.ARM.Collect$$$$00000000) refers (Special) to entry7b.o(.ARM.Collect$$$$00000008) for _main_clock
    entry.o(.ARM.Collect$$$$00000000) refers (Special) to entry8b.o(.ARM.Collect$$$$0000000A) for _main_cpp_init
    entry.o(.ARM.Collect$$$$00000000) refers (Special) to entry9a.o(.ARM.Collect$$$$0000000B) for _main_init
    entry.o(.ARM.Collect$$$$00000000) refers (Special) to entry5.o(.ARM.Collect$$$$00000004) for _main_scatterload
    entry.o(.ARM.Collect$$$$00000000) refers (Special) to entry2.o(.ARM.Collect$$$$00000001) for _main_stk
    entry2.o(.ARM.Collect$$$$00000001) refers to entry2.o(.ARM.Collect$$$$00002712) for __lit__00000000
    entry2.o(.ARM.Collect$$$$00002712) refers to startup_stm32l010x4.o(STACK) for __initial_sp
    entry2.o(__vectab_stack_and_reset_area) refers to startup_stm32l010x4.o(STACK) for __initial_sp
    entry2.o(__vectab_stack_and_reset_area) refers to entry.o(.ARM.Collect$$$$00000000) for __main
    entry5.o(.ARM.Collect$$$$00000004) refers to init.o(.text) for __scatterload
    entry9a.o(.ARM.Collect$$$$0000000B) refers to lto-llvm-460b42.o(.text.main) for main
    entry9b.o(.ARM.Collect$$$$0000000C) refers to lto-llvm-460b42.o(.text.main) for main
    init.o(.text) refers to entry5.o(.ARM.Collect$$$$00000004) for __main_after_scatterload
    lto-llvm-460b42.o(.text.main) refers to uidiv_div0.o(.text) for __aeabi_uidiv
    lto-llvm-460b42.o(.text.main) refers to lto-llvm-460b42.o(.data) for [Anonymous Symbol]
    lto-llvm-460b42.o(.text.main) refers to lto-llvm-460b42.o(.bss) for [Anonymous Symbol]
    lto-llvm-460b42.o(.text.main) refers to lto-llvm-460b42.o(.rodata) for [Anonymous Symbol]
    lto-llvm-460b42.o(.text.main) refers to lto-llvm-460b42.o(.rodata.cst16) for [Anonymous Symbol]
    lto-llvm-460b42.o(.text.main) refers to lto-llvm-460b42.o(.text.HAL_GPIO_Init) for HAL_GPIO_Init
    lto-llvm-460b42.o(.text.main) refers to lto-llvm-460b42.o(.text.HAL_UART_Init) for HAL_UART_Init
    lto-llvm-460b42.o(.ARM.exidx.text.main) refers to lto-llvm-460b42.o(.text.main) for [Anonymous Symbol]
    lto-llvm-460b42.o(.ARM.exidx.text.NMI_Handler) refers to lto-llvm-460b42.o(.text.NMI_Handler) for [Anonymous Symbol]
    lto-llvm-460b42.o(.ARM.exidx.text.HardFault_Handler) refers to lto-llvm-460b42.o(.text.HardFault_Handler) for [Anonymous Symbol]
    lto-llvm-460b42.o(.ARM.exidx.text.SVC_Handler) refers to lto-llvm-460b42.o(.text.SVC_Handler) for [Anonymous Symbol]
    lto-llvm-460b42.o(.ARM.exidx.text.PendSV_Handler) refers to lto-llvm-460b42.o(.text.PendSV_Handler) for [Anonymous Symbol]
    lto-llvm-460b42.o(.text.SysTick_Handler) refers to lto-llvm-460b42.o(.bss) for [Anonymous Symbol]
    lto-llvm-460b42.o(.ARM.exidx.text.SysTick_Handler) refers to lto-llvm-460b42.o(.text.SysTick_Handler) for [Anonymous Symbol]
    lto-llvm-460b42.o(.text.RTC_IRQHandler) refers to lto-llvm-460b42.o(.bss) for [Anonymous Symbol]
    lto-llvm-460b42.o(.ARM.exidx.text.RTC_IRQHandler) refers to lto-llvm-460b42.o(.text.RTC_IRQHandler) for [Anonymous Symbol]
    lto-llvm-460b42.o(.text.TIM2_IRQHandler) refers to lto-llvm-460b42.o(.bss) for [Anonymous Symbol]
    lto-llvm-460b42.o(.ARM.exidx.text.TIM2_IRQHandler) refers to lto-llvm-460b42.o(.text.TIM2_IRQHandler) for [Anonymous Symbol]
    lto-llvm-460b42.o(.text.USART2_IRQHandler) refers to lto-llvm-460b42.o(.text.HAL_UART_IRQHandler) for HAL_UART_IRQHandler
    lto-llvm-460b42.o(.text.USART2_IRQHandler) refers to lto-llvm-460b42.o(.bss) for [Anonymous Symbol]
    lto-llvm-460b42.o(.ARM.exidx.text.USART2_IRQHandler) refers to lto-llvm-460b42.o(.text.USART2_IRQHandler) for [Anonymous Symbol]
    lto-llvm-460b42.o(.text.LPUART1_IRQHandler) refers to lto-llvm-460b42.o(.text.HAL_UART_IRQHandler) for HAL_UART_IRQHandler
    lto-llvm-460b42.o(.text.LPUART1_IRQHandler) refers to lto-llvm-460b42.o(.bss) for [Anonymous Symbol]
    lto-llvm-460b42.o(.ARM.exidx.text.LPUART1_IRQHandler) refers to lto-llvm-460b42.o(.text.LPUART1_IRQHandler) for [Anonymous Symbol]
    lto-llvm-460b42.o(.ARM.exidx.text.SystemInit) refers to lto-llvm-460b42.o(.text.SystemInit) for [Anonymous Symbol]
    lto-llvm-460b42.o(.text.HAL_UART_Init) refers to lto-llvm-460b42.o(.text.HAL_GPIO_Init) for HAL_GPIO_Init
    lto-llvm-460b42.o(.text.HAL_UART_Init) refers to lto-llvm-460b42.o(.data) for [Anonymous Symbol]
    lto-llvm-460b42.o(.text.HAL_UART_Init) refers to lto-llvm-460b42.o(.rodata.cst8) for [Anonymous Symbol]
    lto-llvm-460b42.o(.text.HAL_UART_Init) refers to uldiv.o(.text) for __aeabi_uldivmod
    lto-llvm-460b42.o(.text.HAL_UART_Init) refers to uidiv_div0.o(.text) for __aeabi_uidiv
    lto-llvm-460b42.o(.text.HAL_UART_Init) refers to lto-llvm-460b42.o(.text.UART_WaitOnFlagUntilTimeout) for UART_WaitOnFlagUntilTimeout
    lto-llvm-460b42.o(.text.HAL_UART_Init) refers to lto-llvm-460b42.o(.rodata) for [Anonymous Symbol]
    lto-llvm-460b42.o(.text.HAL_UART_Init) refers to lto-llvm-460b42.o(.bss) for [Anonymous Symbol]
    lto-llvm-460b42.o(.ARM.exidx.text.HAL_UART_Init) refers to lto-llvm-460b42.o(.text.HAL_UART_Init) for [Anonymous Symbol]
    lto-llvm-460b42.o(.text.UART_WaitOnFlagUntilTimeout) refers to lto-llvm-460b42.o(.bss) for [Anonymous Symbol]
    lto-llvm-460b42.o(.ARM.exidx.text.UART_WaitOnFlagUntilTimeout) refers to lto-llvm-460b42.o(.text.UART_WaitOnFlagUntilTimeout) for [Anonymous Symbol]
    lto-llvm-460b42.o(.text.HAL_UART_IRQHandler) refers to lto-llvm-460b42.o(.text.HAL_DMA_Abort) for HAL_DMA_Abort
    lto-llvm-460b42.o(.text.HAL_UART_IRQHandler) refers to lto-llvm-460b42.o(.text.HAL_DMA_Abort_IT) for HAL_DMA_Abort_IT
    lto-llvm-460b42.o(.text.HAL_UART_IRQHandler) refers to lto-llvm-460b42.o(.text.UART_DMAAbortOnError) for UART_DMAAbortOnError
    lto-llvm-460b42.o(.ARM.exidx.text.HAL_UART_IRQHandler) refers to lto-llvm-460b42.o(.text.HAL_UART_IRQHandler) for [Anonymous Symbol]
    lto-llvm-460b42.o(.ARM.exidx.text.UART_DMAAbortOnError) refers to lto-llvm-460b42.o(.text.UART_DMAAbortOnError) for [Anonymous Symbol]
    lto-llvm-460b42.o(.ARM.exidx.text.HAL_GPIO_Init) refers to lto-llvm-460b42.o(.text.HAL_GPIO_Init) for [Anonymous Symbol]
    lto-llvm-460b42.o(.ARM.exidx.text.HAL_DMA_Abort) refers to lto-llvm-460b42.o(.text.HAL_DMA_Abort) for [Anonymous Symbol]
    lto-llvm-460b42.o(.ARM.exidx.text.HAL_DMA_Abort_IT) refers to lto-llvm-460b42.o(.text.HAL_DMA_Abort_IT) for [Anonymous Symbol]
    uldiv.o(.text) refers to llushr.o(.text) for __aeabi_llsr
    uldiv.o(.text) refers to llshl.o(.text) for __aeabi_llsl
    idiv_div0.o(.text) refers to uidiv_div0.o(.text) for __aeabi_uidivmod


==============================================================================

Removing Unused input sections from the image.

    Removing startup_stm32l010x4.o(HEAP), (80 bytes).
    Removing lto-llvm-460b42.o(.text), (0 bytes).
    Removing lto-llvm-460b42.o(.ARM.exidx.text.main), (8 bytes).
    Removing lto-llvm-460b42.o(.ARM.exidx.text.NMI_Handler), (8 bytes).
    Removing lto-llvm-460b42.o(.ARM.exidx.text.HardFault_Handler), (8 bytes).
    Removing lto-llvm-460b42.o(.ARM.exidx.text.SVC_Handler), (8 bytes).
    Removing lto-llvm-460b42.o(.ARM.exidx.text.PendSV_Handler), (8 bytes).
    Removing lto-llvm-460b42.o(.ARM.exidx.text.SysTick_Handler), (8 bytes).
    Removing lto-llvm-460b42.o(.ARM.exidx.text.RTC_IRQHandler), (8 bytes).
    Removing lto-llvm-460b42.o(.ARM.exidx.text.TIM2_IRQHandler), (8 bytes).
    Removing lto-llvm-460b42.o(.ARM.exidx.text.USART2_IRQHandler), (8 bytes).
    Removing lto-llvm-460b42.o(.ARM.exidx.text.LPUART1_IRQHandler), (8 bytes).
    Removing lto-llvm-460b42.o(.ARM.exidx.text.SystemInit), (8 bytes).
    Removing lto-llvm-460b42.o(.ARM.exidx.text.HAL_UART_Init), (8 bytes).
    Removing lto-llvm-460b42.o(.ARM.exidx.text.UART_WaitOnFlagUntilTimeout), (8 bytes).
    Removing lto-llvm-460b42.o(.ARM.exidx.text.HAL_UART_IRQHandler), (8 bytes).
    Removing lto-llvm-460b42.o(.ARM.exidx.text.UART_DMAAbortOnError), (8 bytes).
    Removing lto-llvm-460b42.o(.ARM.exidx.text.HAL_GPIO_Init), (8 bytes).
    Removing lto-llvm-460b42.o(.ARM.exidx.text.HAL_DMA_Abort), (8 bytes).
    Removing lto-llvm-460b42.o(.ARM.exidx.text.HAL_DMA_Abort_IT), (8 bytes).
    Removing lto-llvm-460b42.o(.ARM.use_no_argv), (4 bytes).

21 unused section(s) (total 228 bytes) removed from the image.

==============================================================================

Image Symbol Table

    Local Symbols

    Symbol Name                              Value     Ov Type        Size  Object(Section)

    ../clib/division.s                       0x00000000   Number         0  aeabi_sdiv.o ABSOLUTE
    ../clib/division.s                       0x00000000   Number         0  aeabi_sdiv_div0.o ABSOLUTE
    ../clib/microlib/division.c              0x00000000   Number         0  uidiv.o ABSOLUTE
    ../clib/microlib/division.c              0x00000000   Number         0  uldiv.o ABSOLUTE
    ../clib/microlib/division.c              0x00000000   Number         0  uidiv_div0.o ABSOLUTE
    ../clib/microlib/division.c              0x00000000   Number         0  idiv_div0.o ABSOLUTE
    ../clib/microlib/division.c              0x00000000   Number         0  idiv0.o ABSOLUTE
    ../clib/microlib/init/entry.s            0x00000000   Number         0  entry.o ABSOLUTE
    ../clib/microlib/init/entry.s            0x00000000   Number         0  entry2.o ABSOLUTE
    ../clib/microlib/init/entry.s            0x00000000   Number         0  entry5.o ABSOLUTE
    ../clib/microlib/init/entry.s            0x00000000   Number         0  entry7a.o ABSOLUTE
    ../clib/microlib/init/entry.s            0x00000000   Number         0  entry7b.o ABSOLUTE
    ../clib/microlib/init/entry.s            0x00000000   Number         0  entry8a.o ABSOLUTE
    ../clib/microlib/init/entry.s            0x00000000   Number         0  entry8b.o ABSOLUTE
    ../clib/microlib/init/entry.s            0x00000000   Number         0  entry9a.o ABSOLUTE
    ../clib/microlib/init/entry.s            0x00000000   Number         0  entry9b.o ABSOLUTE
    ../clib/microlib/init/entry.s            0x00000000   Number         0  entry10a.o ABSOLUTE
    ../clib/microlib/init/entry.s            0x00000000   Number         0  entry10b.o ABSOLUTE
    ../clib/microlib/init/entry.s            0x00000000   Number         0  entry11a.o ABSOLUTE
    ../clib/microlib/init/entry.s            0x00000000   Number         0  entry11b.o ABSOLUTE
    ../clib/microlib/longlong.c              0x00000000   Number         0  llshl.o ABSOLUTE
    ../clib/microlib/longlong.c              0x00000000   Number         0  llushr.o ABSOLUTE
    dc.s                                     0x00000000   Number         0  dc.o ABSOLUTE
    handlers.s                               0x00000000   Number         0  handlers.o ABSOLUTE
    init.s                                   0x00000000   Number         0  init.o ABSOLUTE
    ld-temp.o                                0x00000000   Number         0  lto-llvm-460b42.o ABSOLUTE
    startup_stm32l010x4.s                    0x00000000   Number         0  startup_stm32l010x4.o ABSOLUTE
    RESET                                    0x08000000   Section      192  startup_stm32l010x4.o(RESET)
    .ARM.Collect$$$$00000000                 0x080000c0   Section        0  entry.o(.ARM.Collect$$$$00000000)
    .ARM.Collect$$$$00000001                 0x080000c0   Section        4  entry2.o(.ARM.Collect$$$$00000001)
    .ARM.Collect$$$$00000004                 0x080000c4   Section        4  entry5.o(.ARM.Collect$$$$00000004)
    .ARM.Collect$$$$00000008                 0x080000c8   Section        0  entry7b.o(.ARM.Collect$$$$00000008)
    .ARM.Collect$$$$0000000A                 0x080000c8   Section        0  entry8b.o(.ARM.Collect$$$$0000000A)
    .ARM.Collect$$$$0000000B                 0x080000c8   Section        8  entry9a.o(.ARM.Collect$$$$0000000B)
    __lit__00000000                          0x080000d0   Data           4  entry2.o(.ARM.Collect$$$$00002712)
    .ARM.Collect$$$$0000000D                 0x080000d0   Section        0  entry10a.o(.ARM.Collect$$$$0000000D)
    .ARM.Collect$$$$0000000F                 0x080000d0   Section        0  entry11a.o(.ARM.Collect$$$$0000000F)
    .ARM.Collect$$$$00002712                 0x080000d0   Section        4  entry2.o(.ARM.Collect$$$$00002712)
    .text                                    0x080000d4   Section       88  startup_stm32l010x4.o(.text)
    .text                                    0x0800012c   Section       36  init.o(.text)
    .text                                    0x08000150   Section        0  uldiv.o(.text)
    .text                                    0x080001b0   Section        0  uidiv_div0.o(.text)
    .text                                    0x080001ee   Section        0  llshl.o(.text)
    .text                                    0x0800020e   Section        0  llushr.o(.text)
    HAL_DMA_Abort                            0x08000231   Thumb Code    60  lto-llvm-460b42.o(.text.HAL_DMA_Abort)
    [Anonymous Symbol]                       0x08000230   Section        0  lto-llvm-460b42.o(.text.HAL_DMA_Abort)
    HAL_DMA_Abort_IT                         0x0800026d   Thumb Code    72  lto-llvm-460b42.o(.text.HAL_DMA_Abort_IT)
    [Anonymous Symbol]                       0x0800026c   Section        0  lto-llvm-460b42.o(.text.HAL_DMA_Abort_IT)
    HAL_GPIO_Init                            0x080002b5   Thumb Code   420  lto-llvm-460b42.o(.text.HAL_GPIO_Init)
    [Anonymous Symbol]                       0x080002b4   Section        0  lto-llvm-460b42.o(.text.HAL_GPIO_Init)
    __arm_cp.15_0                            0x08000458   Number         4  lto-llvm-460b42.o(.text.HAL_GPIO_Init)
    __arm_cp.15_1                            0x0800045c   Number         4  lto-llvm-460b42.o(.text.HAL_GPIO_Init)
    __arm_cp.15_2                            0x08000460   Number         4  lto-llvm-460b42.o(.text.HAL_GPIO_Init)
    __arm_cp.15_3                            0x08000464   Number         4  lto-llvm-460b42.o(.text.HAL_GPIO_Init)
    __arm_cp.15_4                            0x08000468   Number         4  lto-llvm-460b42.o(.text.HAL_GPIO_Init)
    HAL_UART_IRQHandler                      0x0800046d   Thumb Code   908  lto-llvm-460b42.o(.text.HAL_UART_IRQHandler)
    [Anonymous Symbol]                       0x0800046c   Section        0  lto-llvm-460b42.o(.text.HAL_UART_IRQHandler)
    __arm_cp.13_0                            0x080007f8   Number         4  lto-llvm-460b42.o(.text.HAL_UART_IRQHandler)
    __arm_cp.13_1                            0x080007fc   Number         4  lto-llvm-460b42.o(.text.HAL_UART_IRQHandler)
    __arm_cp.13_2                            0x08000800   Number         4  lto-llvm-460b42.o(.text.HAL_UART_IRQHandler)
    HAL_UART_Init                            0x08000805   Thumb Code  1272  lto-llvm-460b42.o(.text.HAL_UART_Init)
    [Anonymous Symbol]                       0x08000804   Section        0  lto-llvm-460b42.o(.text.HAL_UART_Init)
    __arm_cp.11_22                           0x08000a4c   Number         4  lto-llvm-460b42.o(.text.HAL_UART_Init)
    __arm_cp.11_23                           0x08000a50   Number         4  lto-llvm-460b42.o(.text.HAL_UART_Init)
    __arm_cp.11_24                           0x08000a54   Number         4  lto-llvm-460b42.o(.text.HAL_UART_Init)
    __arm_cp.11_25                           0x08000a58   Number         4  lto-llvm-460b42.o(.text.HAL_UART_Init)
    __arm_cp.11_26                           0x08000a5c   Number         4  lto-llvm-460b42.o(.text.HAL_UART_Init)
    __arm_cp.11_27                           0x08000a60   Number         4  lto-llvm-460b42.o(.text.HAL_UART_Init)
    __arm_cp.11_7                            0x08000cfc   Number         4  lto-llvm-460b42.o(.text.HAL_UART_Init)
    __arm_cp.11_8                            0x08000d00   Number         4  lto-llvm-460b42.o(.text.HAL_UART_Init)
    __arm_cp.11_9                            0x08000d04   Number         4  lto-llvm-460b42.o(.text.HAL_UART_Init)
    __arm_cp.11_10                           0x08000d08   Number         4  lto-llvm-460b42.o(.text.HAL_UART_Init)
    __arm_cp.11_11                           0x08000d0c   Number         4  lto-llvm-460b42.o(.text.HAL_UART_Init)
    __arm_cp.11_12                           0x08000d10   Number         4  lto-llvm-460b42.o(.text.HAL_UART_Init)
    __arm_cp.11_13                           0x08000d14   Number         4  lto-llvm-460b42.o(.text.HAL_UART_Init)
    __arm_cp.11_14                           0x08000d18   Number         4  lto-llvm-460b42.o(.text.HAL_UART_Init)
    [Anonymous Symbol]                       0x08000d1c   Section        0  lto-llvm-460b42.o(.text.HardFault_Handler)
    [Anonymous Symbol]                       0x08000d20   Section        0  lto-llvm-460b42.o(.text.LPUART1_IRQHandler)
    __arm_cp.9_0                             0x08000d2c   Number         4  lto-llvm-460b42.o(.text.LPUART1_IRQHandler)
    [Anonymous Symbol]                       0x08000d30   Section        0  lto-llvm-460b42.o(.text.NMI_Handler)
    [Anonymous Symbol]                       0x08000d32   Section        0  lto-llvm-460b42.o(.text.PendSV_Handler)
    [Anonymous Symbol]                       0x08000d34   Section        0  lto-llvm-460b42.o(.text.RTC_IRQHandler)
    __arm_cp.6_0                             0x08000d78   Number         4  lto-llvm-460b42.o(.text.RTC_IRQHandler)
    __arm_cp.6_1                             0x08000d7c   Number         4  lto-llvm-460b42.o(.text.RTC_IRQHandler)
    __arm_cp.6_2                             0x08000d80   Number         4  lto-llvm-460b42.o(.text.RTC_IRQHandler)
    __arm_cp.6_3                             0x08000d84   Number         4  lto-llvm-460b42.o(.text.RTC_IRQHandler)
    [Anonymous Symbol]                       0x08000d88   Section        0  lto-llvm-460b42.o(.text.SVC_Handler)
    [Anonymous Symbol]                       0x08000d8c   Section        0  lto-llvm-460b42.o(.text.SysTick_Handler)
    [Anonymous Symbol]                       0x08000d98   Section        0  lto-llvm-460b42.o(.text.SystemInit)
    [Anonymous Symbol]                       0x08000d9c   Section        0  lto-llvm-460b42.o(.text.TIM2_IRQHandler)
    __arm_cp.7_0                             0x08000e28   Number         4  lto-llvm-460b42.o(.text.TIM2_IRQHandler)
    UART_DMAAbortOnError                     0x08000e2d   Thumb Code    16  lto-llvm-460b42.o(.text.UART_DMAAbortOnError)
    [Anonymous Symbol]                       0x08000e2c   Section        0  lto-llvm-460b42.o(.text.UART_DMAAbortOnError)
    UART_WaitOnFlagUntilTimeout              0x08000e3d   Thumb Code   260  lto-llvm-460b42.o(.text.UART_WaitOnFlagUntilTimeout)
    [Anonymous Symbol]                       0x08000e3c   Section        0  lto-llvm-460b42.o(.text.UART_WaitOnFlagUntilTimeout)
    __arm_cp.12_0                            0x08000f40   Number         4  lto-llvm-460b42.o(.text.UART_WaitOnFlagUntilTimeout)
    [Anonymous Symbol]                       0x08000f44   Section        0  lto-llvm-460b42.o(.text.USART2_IRQHandler)
    __arm_cp.8_0                             0x08000f50   Number         4  lto-llvm-460b42.o(.text.USART2_IRQHandler)
    [Anonymous Symbol]                       0x08000f54   Section        0  lto-llvm-460b42.o(.text.main)
    __arm_cp.0_40                            0x0800133c   Number         4  lto-llvm-460b42.o(.text.main)
    __arm_cp.0_48                            0x0800135c   Number         4  lto-llvm-460b42.o(.text.main)
    __arm_cp.0_49                            0x08001360   Number         4  lto-llvm-460b42.o(.text.main)
    __arm_cp.0_55                            0x08001658   Number         4  lto-llvm-460b42.o(.text.main)
    __arm_cp.0_56                            0x0800165c   Number         4  lto-llvm-460b42.o(.text.main)
    __arm_cp.0_58                            0x08001664   Number         4  lto-llvm-460b42.o(.text.main)
    __arm_cp.0_59                            0x08001668   Number         4  lto-llvm-460b42.o(.text.main)
    __arm_cp.0_62                            0x08001674   Number         4  lto-llvm-460b42.o(.text.main)
    __arm_cp.0_63                            0x08001678   Number         4  lto-llvm-460b42.o(.text.main)
    __arm_cp.0_64                            0x0800167c   Number         4  lto-llvm-460b42.o(.text.main)
    __arm_cp.0_65                            0x08001680   Number         4  lto-llvm-460b42.o(.text.main)
    __arm_cp.0_66                            0x08001684   Number         4  lto-llvm-460b42.o(.text.main)
    __arm_cp.0_67                            0x08001688   Number         4  lto-llvm-460b42.o(.text.main)
    __arm_cp.0_68                            0x0800168c   Number         4  lto-llvm-460b42.o(.text.main)
    __arm_cp.0_69                            0x08001690   Number         4  lto-llvm-460b42.o(.text.main)
    __arm_cp.0_70                            0x08001694   Number         4  lto-llvm-460b42.o(.text.main)
    __arm_cp.0_71                            0x08001698   Number         4  lto-llvm-460b42.o(.text.main)
    __arm_cp.0_72                            0x0800169c   Number         4  lto-llvm-460b42.o(.text.main)
    __arm_cp.0_73                            0x080016a0   Number         4  lto-llvm-460b42.o(.text.main)
    __arm_cp.0_75                            0x080019d4   Number         4  lto-llvm-460b42.o(.text.main)
    __arm_cp.0_79                            0x080019e4   Number         4  lto-llvm-460b42.o(.text.main)
    __arm_cp.0_1                             0x08001ba4   Number         4  lto-llvm-460b42.o(.text.main)
    __arm_cp.0_2                             0x08001ba8   Number         4  lto-llvm-460b42.o(.text.main)
    __arm_cp.0_3                             0x08001bac   Number         4  lto-llvm-460b42.o(.text.main)
    __arm_cp.0_22                            0x08001bb0   Number         4  lto-llvm-460b42.o(.text.main)
    __arm_cp.0_24                            0x08001bb4   Number         4  lto-llvm-460b42.o(.text.main)
    __arm_cp.0_25                            0x08001bb8   Number         4  lto-llvm-460b42.o(.text.main)
    __arm_cp.0_27                            0x08001bbc   Number         4  lto-llvm-460b42.o(.text.main)
    __arm_cp.0_28                            0x08001bc0   Number         4  lto-llvm-460b42.o(.text.main)
    __arm_cp.0_29                            0x08001bc4   Number         4  lto-llvm-460b42.o(.text.main)
    __arm_cp.0_30                            0x08001bc8   Number         4  lto-llvm-460b42.o(.text.main)
    __arm_cp.0_31                            0x08001bcc   Number         4  lto-llvm-460b42.o(.text.main)
    __arm_cp.0_32                            0x08001bd0   Number         4  lto-llvm-460b42.o(.text.main)
    __arm_cp.0_33                            0x08001bd4   Number         4  lto-llvm-460b42.o(.text.main)
    __arm_cp.0_34                            0x08001bd8   Number         4  lto-llvm-460b42.o(.text.main)
    __arm_cp.0_35                            0x08001bdc   Number         4  lto-llvm-460b42.o(.text.main)
    __arm_cp.0_36                            0x08001be0   Number         4  lto-llvm-460b42.o(.text.main)
    __arm_cp.0_37                            0x08001be4   Number         4  lto-llvm-460b42.o(.text.main)
    i.__scatterload_copy                     0x08001be8   Section       14  handlers.o(i.__scatterload_copy)
    i.__scatterload_null                     0x08001bf6   Section        2  handlers.o(i.__scatterload_null)
    i.__scatterload_zeroinit                 0x08001bf8   Section       14  handlers.o(i.__scatterload_zeroinit)
    PLLMulTable                              0x08001c06   Data           9  lto-llvm-460b42.o(.rodata)
    [Anonymous Symbol]                       0x08001c06   Section        0  lto-llvm-460b42.o(.rodata)
    AHBPrescTable                            0x08001c0f   Data          16  lto-llvm-460b42.o(.rodata.cst16)
    [Anonymous Symbol]                       0x08001c0f   Section        0  lto-llvm-460b42.o(.rodata.cst16)
    APBPrescTable                            0x08001c1f   Data           8  lto-llvm-460b42.o(.rodata.cst8)
    [Anonymous Symbol]                       0x08001c1f   Section        0  lto-llvm-460b42.o(.rodata.cst8)
    SystemCoreClock                          0x20000000   Data           4  lto-llvm-460b42.o(.data)
    [Anonymous Symbol]                       0x20000000   Section        0  lto-llvm-460b42.o(.data)
    hrtc                                     0x20000008   Data          36  lto-llvm-460b42.o(.bss)
    [Anonymous Symbol]                       0x20000008   Section        0  lto-llvm-460b42.o(.bss)
    htim2                                    0x2000002c   Data          64  lto-llvm-460b42.o(.bss)
    huart2                                   0x2000006c   Data         136  lto-llvm-460b42.o(.bss)
    hlpuart1                                 0x200000f4   Data         136  lto-llvm-460b42.o(.bss)
    uwTick                                   0x2000017c   Data           4  lto-llvm-460b42.o(.bss)
    uwTickPrio                               0x20000180   Data           1  lto-llvm-460b42.o(.bss)
    STACK                                    0x20000188   Section      256  startup_stm32l010x4.o(STACK)

    Global Symbols

    Symbol Name                              Value     Ov Type        Size  Object(Section)

    BuildAttributes$$THM_ISAv3M$S$PE$A:L22$X:L11$S22$IEEE1$IW$~IW$USESV6$~STKCKD$USESV7$~SHL$OTIME$IEEEF$EBA8$MICROLIB$REQ8$PRES8$EABIv2 0x00000000   Number         0  anon$$obj.o ABSOLUTE
    __cpp_initialize__aeabi_                  - Undefined Weak Reference
    __cxa_finalize                            - Undefined Weak Reference
    __decompress                              - Undefined Weak Reference
    _clock_init                               - Undefined Weak Reference
    _microlib_exit                            - Undefined Weak Reference
    __Vectors_Size                           0x000000c0   Number         0  startup_stm32l010x4.o ABSOLUTE
    __Vectors                                0x08000000   Data           4  startup_stm32l010x4.o(RESET)
    __Vectors_End                            0x080000c0   Data           0  startup_stm32l010x4.o(RESET)
    __main                                   0x080000c1   Thumb Code     0  entry.o(.ARM.Collect$$$$00000000)
    _main_stk                                0x080000c1   Thumb Code     0  entry2.o(.ARM.Collect$$$$00000001)
    _main_scatterload                        0x080000c5   Thumb Code     0  entry5.o(.ARM.Collect$$$$00000004)
    __main_after_scatterload                 0x080000c9   Thumb Code     0  entry5.o(.ARM.Collect$$$$00000004)
    _main_clock                              0x080000c9   Thumb Code     0  entry7b.o(.ARM.Collect$$$$00000008)
    _main_cpp_init                           0x080000c9   Thumb Code     0  entry8b.o(.ARM.Collect$$$$0000000A)
    _main_init                               0x080000c9   Thumb Code     0  entry9a.o(.ARM.Collect$$$$0000000B)
    __rt_final_cpp                           0x080000d1   Thumb Code     0  entry10a.o(.ARM.Collect$$$$0000000D)
    __rt_final_exit                          0x080000d1   Thumb Code     0  entry11a.o(.ARM.Collect$$$$0000000F)
    Reset_Handler                            0x080000d5   Thumb Code    38  startup_stm32l010x4.o(.text)
    ADC1_IRQHandler                          0x08000105   Thumb Code     0  startup_stm32l010x4.o(.text)
    DMA1_Channel1_IRQHandler                 0x08000105   Thumb Code     0  startup_stm32l010x4.o(.text)
    DMA1_Channel2_3_IRQHandler               0x08000105   Thumb Code     0  startup_stm32l010x4.o(.text)
    DMA1_Channel4_5_IRQHandler               0x08000105   Thumb Code     0  startup_stm32l010x4.o(.text)
    EXTI0_1_IRQHandler                       0x08000105   Thumb Code     0  startup_stm32l010x4.o(.text)
    EXTI2_3_IRQHandler                       0x08000105   Thumb Code     0  startup_stm32l010x4.o(.text)
    EXTI4_15_IRQHandler                      0x08000105   Thumb Code     0  startup_stm32l010x4.o(.text)
    FLASH_IRQHandler                         0x08000105   Thumb Code     0  startup_stm32l010x4.o(.text)
    I2C1_IRQHandler                          0x08000105   Thumb Code     0  startup_stm32l010x4.o(.text)
    LPTIM1_IRQHandler                        0x08000105   Thumb Code     0  startup_stm32l010x4.o(.text)
    RCC_IRQHandler                           0x08000105   Thumb Code     0  startup_stm32l010x4.o(.text)
    SPI1_IRQHandler                          0x08000105   Thumb Code     0  startup_stm32l010x4.o(.text)
    TIM21_IRQHandler                         0x08000105   Thumb Code     0  startup_stm32l010x4.o(.text)
    WWDG_IRQHandler                          0x08000105   Thumb Code     0  startup_stm32l010x4.o(.text)
    __scatterload                            0x0800012d   Thumb Code    28  init.o(.text)
    __scatterload_rt2                        0x0800012d   Thumb Code     0  init.o(.text)
    __aeabi_uldivmod                         0x08000151   Thumb Code    96  uldiv.o(.text)
    __aeabi_uidiv                            0x080001b1   Thumb Code     0  uidiv_div0.o(.text)
    __aeabi_uidivmod                         0x080001b1   Thumb Code    62  uidiv_div0.o(.text)
    __aeabi_llsl                             0x080001ef   Thumb Code    32  llshl.o(.text)
    _ll_shift_l                              0x080001ef   Thumb Code     0  llshl.o(.text)
    __aeabi_llsr                             0x0800020f   Thumb Code    34  llushr.o(.text)
    _ll_ushift_r                             0x0800020f   Thumb Code     0  llushr.o(.text)
    HardFault_Handler                        0x08000d1d   Thumb Code     2  lto-llvm-460b42.o(.text.HardFault_Handler)
    LPUART1_IRQHandler                       0x08000d21   Thumb Code    12  lto-llvm-460b42.o(.text.LPUART1_IRQHandler)
    NMI_Handler                              0x08000d31   Thumb Code     2  lto-llvm-460b42.o(.text.NMI_Handler)
    PendSV_Handler                           0x08000d33   Thumb Code     2  lto-llvm-460b42.o(.text.PendSV_Handler)
    RTC_IRQHandler                           0x08000d35   Thumb Code    68  lto-llvm-460b42.o(.text.RTC_IRQHandler)
    SVC_Handler                              0x08000d89   Thumb Code     2  lto-llvm-460b42.o(.text.SVC_Handler)
    SysTick_Handler                          0x08000d8d   Thumb Code    12  lto-llvm-460b42.o(.text.SysTick_Handler)
    SystemInit                               0x08000d99   Thumb Code     2  lto-llvm-460b42.o(.text.SystemInit)
    TIM2_IRQHandler                          0x08000d9d   Thumb Code   140  lto-llvm-460b42.o(.text.TIM2_IRQHandler)
    USART2_IRQHandler                        0x08000f45   Thumb Code    12  lto-llvm-460b42.o(.text.USART2_IRQHandler)
    main                                     0x08000f55   Thumb Code  3152  lto-llvm-460b42.o(.text.main)
    __scatterload_copy                       0x08001be9   Thumb Code    14  handlers.o(i.__scatterload_copy)
    __scatterload_null                       0x08001bf7   Thumb Code     2  handlers.o(i.__scatterload_null)
    __scatterload_zeroinit                   0x08001bf9   Thumb Code    14  handlers.o(i.__scatterload_zeroinit)
    Region$$Table$$Base                      0x08001c28   Number         0  anon$$obj.o(Region$$Table)
    Region$$Table$$Limit                     0x08001c48   Number         0  anon$$obj.o(Region$$Table)
    __initial_sp                             0x20000288   Data           0  startup_stm32l010x4.o(STACK)



==============================================================================

Memory Map of the image

  Image Entry point : 0x080000c1

  Load Region LR_IROM1 (Base: 0x08000000, Size: 0x00001c50, Max: 0x00004000, ABSOLUTE)

    Execution Region ER_IROM1 (Exec base: 0x08000000, Load base: 0x08000000, Size: 0x00001c48, Max: 0x00004000, ABSOLUTE)

    Exec Addr    Load Addr    Size         Type   Attr      Idx    E Section Name        Object

    0x08000000   0x08000000   0x000000c0   Data   RO            3    RESET               startup_stm32l010x4.o
    0x080000c0   0x080000c0   0x00000000   Code   RO           42  * .ARM.Collect$$$$00000000  mc_p.l(entry.o)
    0x080000c0   0x080000c0   0x00000004   Code   RO           45    .ARM.Collect$$$$00000001  mc_p.l(entry2.o)
    0x080000c4   0x080000c4   0x00000004   Code   RO           48    .ARM.Collect$$$$00000004  mc_p.l(entry5.o)
    0x080000c8   0x080000c8   0x00000000   Code   RO           50    .ARM.Collect$$$$00000008  mc_p.l(entry7b.o)
    0x080000c8   0x080000c8   0x00000000   Code   RO           52    .ARM.Collect$$$$0000000A  mc_p.l(entry8b.o)
    0x080000c8   0x080000c8   0x00000008   Code   RO           53    .ARM.Collect$$$$0000000B  mc_p.l(entry9a.o)
    0x080000d0   0x080000d0   0x00000000   Code   RO           55    .ARM.Collect$$$$0000000D  mc_p.l(entry10a.o)
    0x080000d0   0x080000d0   0x00000000   Code   RO           57    .ARM.Collect$$$$0000000F  mc_p.l(entry11a.o)
    0x080000d0   0x080000d0   0x00000004   Code   RO           46    .ARM.Collect$$$$00002712  mc_p.l(entry2.o)
    0x080000d4   0x080000d4   0x00000058   Code   RO            4    .text               startup_stm32l010x4.o
    0x0800012c   0x0800012c   0x00000024   Code   RO           59    .text               mc_p.l(init.o)
    0x08000150   0x08000150   0x00000060   Code   RO          115    .text               mc_p.l(uldiv.o)
    0x080001b0   0x080001b0   0x0000003e   Code   RO          119    .text               mc_p.l(uidiv_div0.o)
    0x080001ee   0x080001ee   0x00000020   Code   RO          125    .text               mc_p.l(llshl.o)
    0x0800020e   0x0800020e   0x00000022   Code   RO          127    .text               mc_p.l(llushr.o)
    0x08000230   0x08000230   0x0000003c   Code   RO           94    .text.HAL_DMA_Abort  lto-llvm-460b42.o
    0x0800026c   0x0800026c   0x00000048   Code   RO           96    .text.HAL_DMA_Abort_IT  lto-llvm-460b42.o
    0x080002b4   0x080002b4   0x000001b8   Code   RO           92    .text.HAL_GPIO_Init  lto-llvm-460b42.o
    0x0800046c   0x0800046c   0x00000398   Code   RO           88    .text.HAL_UART_IRQHandler  lto-llvm-460b42.o
    0x08000804   0x08000804   0x00000518   Code   RO           84    .text.HAL_UART_Init  lto-llvm-460b42.o
    0x08000d1c   0x08000d1c   0x00000002   Code   RO           66    .text.HardFault_Handler  lto-llvm-460b42.o
    0x08000d1e   0x08000d1e   0x00000002   PAD
    0x08000d20   0x08000d20   0x00000010   Code   RO           80    .text.LPUART1_IRQHandler  lto-llvm-460b42.o
    0x08000d30   0x08000d30   0x00000002   Code   RO           64    .text.NMI_Handler   lto-llvm-460b42.o
    0x08000d32   0x08000d32   0x00000002   Code   RO           70    .text.PendSV_Handler  lto-llvm-460b42.o
    0x08000d34   0x08000d34   0x00000054   Code   RO           74    .text.RTC_IRQHandler  lto-llvm-460b42.o
    0x08000d88   0x08000d88   0x00000002   Code   RO           68    .text.SVC_Handler   lto-llvm-460b42.o
    0x08000d8a   0x08000d8a   0x00000002   PAD
    0x08000d8c   0x08000d8c   0x0000000c   Code   RO           72    .text.SysTick_Handler  lto-llvm-460b42.o
    0x08000d98   0x08000d98   0x00000002   Code   RO           82    .text.SystemInit    lto-llvm-460b42.o
    0x08000d9a   0x08000d9a   0x00000002   PAD
    0x08000d9c   0x08000d9c   0x00000090   Code   RO           76    .text.TIM2_IRQHandler  lto-llvm-460b42.o
    0x08000e2c   0x08000e2c   0x00000010   Code   RO           90    .text.UART_DMAAbortOnError  lto-llvm-460b42.o
    0x08000e3c   0x08000e3c   0x00000108   Code   RO           86    .text.UART_WaitOnFlagUntilTimeout  lto-llvm-460b42.o
    0x08000f44   0x08000f44   0x00000010   Code   RO           78    .text.USART2_IRQHandler  lto-llvm-460b42.o
    0x08000f54   0x08000f54   0x00000c94   Code   RO           62    .text.main          lto-llvm-460b42.o
    0x08001be8   0x08001be8   0x0000000e   Code   RO          131    i.__scatterload_copy  mc_p.l(handlers.o)
    0x08001bf6   0x08001bf6   0x00000002   Code   RO          132    i.__scatterload_null  mc_p.l(handlers.o)
    0x08001bf8   0x08001bf8   0x0000000e   Code   RO          133    i.__scatterload_zeroinit  mc_p.l(handlers.o)
    0x08001c06   0x08001c06   0x00000009   Data   RO          101    .rodata             lto-llvm-460b42.o
    0x08001c0f   0x08001c0f   0x00000010   Data   RO          100    .rodata.cst16       lto-llvm-460b42.o
    0x08001c1f   0x08001c1f   0x00000008   Data   RO          102    .rodata.cst8        lto-llvm-460b42.o
    0x08001c27   0x08001c27   0x00000001   PAD
    0x08001c28   0x08001c28   0x00000020   Data   RO          130    Region$$Table       anon$$obj.o


    Execution Region RW_IRAM1 (Exec base: 0x20000000, Load base: 0x08001c48, Size: 0x00000288, Max: 0x00000800, ABSOLUTE)

    Exec Addr    Load Addr    Size         Type   Attr      Idx    E Section Name        Object

    0x20000000   0x08001c48   0x00000004   Data   RW          103    .data               lto-llvm-460b42.o
    0x20000004   0x08001c4c   0x00000004   PAD
    0x20000008        -       0x00000179   Zero   RW           99    .bss                lto-llvm-460b42.o
    0x20000181   0x08001c4c   0x00000007   PAD
    0x20000188        -       0x00000100   Zero   RW            1    STACK               startup_stm32l010x4.o


==============================================================================

Image component sizes


      Code (inc. data)   RO Data    RW Data    ZI Data      Debug   Object Name

      6578        470         33          4        377      59508   lto-llvm-460b42.o
        88         38        192          0        256        660   startup_stm32l010x4.o

    ----------------------------------------------------------------------
      6672        508        258          4        644      60168   Object Totals
         0          0         32          0          0          0   (incl. Generated)
         6          0          1          0         11          0   (incl. Padding)

    ----------------------------------------------------------------------

      Code (inc. data)   RO Data    RW Data    ZI Data      Debug   Library Member Name

         0          0          0          0          0          0   entry.o
         0          0          0          0          0          0   entry10a.o
         0          0          0          0          0          0   entry11a.o
         8          4          0          0          0          0   entry2.o
         4          0          0          0          0          0   entry5.o
         0          0          0          0          0          0   entry7b.o
         0          0          0          0          0          0   entry8b.o
         8          4          0          0          0          0   entry9a.o
        30          0          0          0          0          0   handlers.o
        36          8          0          0          0         68   init.o
        32          0          0          0          0         68   llshl.o
        34          0          0          0          0         68   llushr.o
        62          0          0          0          0         72   uidiv_div0.o
        96          0          0          0          0         84   uldiv.o

    ----------------------------------------------------------------------
       310         16          0          0          0        360   Library Totals
         0          0          0          0          0          0   (incl. Padding)

    ----------------------------------------------------------------------

      Code (inc. data)   RO Data    RW Data    ZI Data      Debug   Library Name

       310         16          0          0          0        360   mc_p.l

    ----------------------------------------------------------------------
       310         16          0          0          0        360   Library Totals

    ----------------------------------------------------------------------

==============================================================================


      Code (inc. data)   RO Data    RW Data    ZI Data      Debug   

      6982        524        258          4        644      60592   Grand Totals
      6982        524        258          4        644      60592   ELF Image Totals
      6982        524        258          4          0          0   ROM Totals

==============================================================================

    Total RO  Size (Code + RO Data)                 7240 (   7.07kB)
    Total RW  Size (RW Data + ZI Data)               648 (   0.63kB)
    Total ROM Size (Code + RO Data + RW Data)       7244 (   7.07kB)

==============================================================================

